Archive member included to satisfy reference by file (symbol)

c:/arm_tool/gcc/bin/../lib/gcc/arm-none-eabi/8.2.1/../../../../arm-none-eabi/lib/thumb/v7e-m+dp/hard\libc_nano.a(lib_a-exit.o)
                              c:/arm_tool/gcc/bin/../lib/gcc/arm-none-eabi/8.2.1/../../../../arm-none-eabi/lib/thumb/v7e-m+dp/hard/crt0.o (exit)
c:/arm_tool/gcc/bin/../lib/gcc/arm-none-eabi/8.2.1/../../../../arm-none-eabi/lib/thumb/v7e-m+dp/hard\libc_nano.a(lib_a-impure.o)
                              c:/arm_tool/gcc/bin/../lib/gcc/arm-none-eabi/8.2.1/../../../../arm-none-eabi/lib/thumb/v7e-m+dp/hard\libc_nano.a(lib_a-exit.o) (_global_impure_ptr)
c:/arm_tool/gcc/bin/../lib/gcc/arm-none-eabi/8.2.1/../../../../arm-none-eabi/lib/thumb/v7e-m+dp/hard\libc_nano.a(lib_a-init.o)
                              c:/arm_tool/gcc/bin/../lib/gcc/arm-none-eabi/8.2.1/../../../../arm-none-eabi/lib/thumb/v7e-m+dp/hard/crt0.o (__libc_init_array)
c:/arm_tool/gcc/bin/../lib/gcc/arm-none-eabi/8.2.1/../../../../arm-none-eabi/lib/thumb/v7e-m+dp/hard\libc_nano.a(lib_a-memset.o)
                              c:/arm_tool/gcc/bin/../lib/gcc/arm-none-eabi/8.2.1/../../../../arm-none-eabi/lib/thumb/v7e-m+dp/hard/crt0.o (memset)
c:/arm_tool/gcc/bin/../lib/gcc/arm-none-eabi/8.2.1/../../../../arm-none-eabi/lib/thumb/v7e-m+dp/hard\libc_nano.a(lib_a-nano-vfprintf_float.o)
                              (_printf_float)
c:/arm_tool/gcc/bin/../lib/gcc/arm-none-eabi/8.2.1/../../../../arm-none-eabi/lib/thumb/v7e-m+dp/hard\libc_nano.a(lib_a-nano-vfprintf_i.o)
                              c:/arm_tool/gcc/bin/../lib/gcc/arm-none-eabi/8.2.1/../../../../arm-none-eabi/lib/thumb/v7e-m+dp/hard\libc_nano.a(lib_a-nano-vfprintf_float.o) (_printf_common)
c:/arm_tool/gcc/bin/../lib/gcc/arm-none-eabi/8.2.1/../../../../arm-none-eabi/lib/thumb/v7e-m+dp/hard\libc_nano.a(lib_a-printf.o)
                              build/main.o (printf)
c:/arm_tool/gcc/bin/../lib/gcc/arm-none-eabi/8.2.1/../../../../arm-none-eabi/lib/thumb/v7e-m+dp/hard\libc_nano.a(lib_a-putchar.o)
                              build/terminal_graphics.o (putchar)
c:/arm_tool/gcc/bin/../lib/gcc/arm-none-eabi/8.2.1/../../../../arm-none-eabi/lib/thumb/v7e-m+dp/hard\libc_nano.a(lib_a-puts.o)
                              build/main.o (puts)
c:/arm_tool/gcc/bin/../lib/gcc/arm-none-eabi/8.2.1/../../../../arm-none-eabi/lib/thumb/v7e-m+dp/hard\libc_nano.a(lib_a-strcmp.o)
                              build/esq_seq.o (strcmp)
c:/arm_tool/gcc/bin/../lib/gcc/arm-none-eabi/8.2.1/../../../../arm-none-eabi/lib/thumb/v7e-m+dp/hard\libc_nano.a(lib_a-strlen.o)
                              c:/arm_tool/gcc/bin/../lib/gcc/arm-none-eabi/8.2.1/../../../../arm-none-eabi/lib/thumb/v7e-m+dp/hard\libc_nano.a(lib_a-nano-vfprintf_float.o) (strlen)
c:/arm_tool/gcc/bin/../lib/gcc/arm-none-eabi/8.2.1/../../../../arm-none-eabi/lib/thumb/v7e-m+dp/hard\libc_nano.a(lib_a-wbuf.o)
                              c:/arm_tool/gcc/bin/../lib/gcc/arm-none-eabi/8.2.1/../../../../arm-none-eabi/lib/thumb/v7e-m+dp/hard\libc_nano.a(lib_a-puts.o) (__swbuf_r)
c:/arm_tool/gcc/bin/../lib/gcc/arm-none-eabi/8.2.1/../../../../arm-none-eabi/lib/thumb/v7e-m+dp/hard\libc_nano.a(lib_a-wsetup.o)
                              c:/arm_tool/gcc/bin/../lib/gcc/arm-none-eabi/8.2.1/../../../../arm-none-eabi/lib/thumb/v7e-m+dp/hard\libc_nano.a(lib_a-puts.o) (__swsetup_r)
c:/arm_tool/gcc/bin/../lib/gcc/arm-none-eabi/8.2.1/../../../../arm-none-eabi/lib/thumb/v7e-m+dp/hard\libc_nano.a(lib_a-dtoa.o)
                              c:/arm_tool/gcc/bin/../lib/gcc/arm-none-eabi/8.2.1/../../../../arm-none-eabi/lib/thumb/v7e-m+dp/hard\libc_nano.a(lib_a-nano-vfprintf_float.o) (_dtoa_r)
c:/arm_tool/gcc/bin/../lib/gcc/arm-none-eabi/8.2.1/../../../../arm-none-eabi/lib/thumb/v7e-m+dp/hard\libc_nano.a(lib_a-fflush.o)
                              c:/arm_tool/gcc/bin/../lib/gcc/arm-none-eabi/8.2.1/../../../../arm-none-eabi/lib/thumb/v7e-m+dp/hard\libc_nano.a(lib_a-wbuf.o) (_fflush_r)
c:/arm_tool/gcc/bin/../lib/gcc/arm-none-eabi/8.2.1/../../../../arm-none-eabi/lib/thumb/v7e-m+dp/hard\libc_nano.a(lib_a-findfp.o)
                              c:/arm_tool/gcc/bin/../lib/gcc/arm-none-eabi/8.2.1/../../../../arm-none-eabi/lib/thumb/v7e-m+dp/hard\libc_nano.a(lib_a-printf.o) (__sinit)
c:/arm_tool/gcc/bin/../lib/gcc/arm-none-eabi/8.2.1/../../../../arm-none-eabi/lib/thumb/v7e-m+dp/hard\libc_nano.a(lib_a-fwalk.o)
                              c:/arm_tool/gcc/bin/../lib/gcc/arm-none-eabi/8.2.1/../../../../arm-none-eabi/lib/thumb/v7e-m+dp/hard\libc_nano.a(lib_a-findfp.o) (_fwalk)
c:/arm_tool/gcc/bin/../lib/gcc/arm-none-eabi/8.2.1/../../../../arm-none-eabi/lib/thumb/v7e-m+dp/hard\libc_nano.a(lib_a-localeconv.o)
                              c:/arm_tool/gcc/bin/../lib/gcc/arm-none-eabi/8.2.1/../../../../arm-none-eabi/lib/thumb/v7e-m+dp/hard\libc_nano.a(lib_a-nano-vfprintf_float.o) (_localeconv_r)
[...]
Memory Configuration

Name             Origin             Length             Attributes
DTCMRAM          0x0000000020000000 0x0000000000020000 xrw
RAM_D1           0x0000000024000000 0x0000000000080000 xrw
RAM_D2           0x0000000030000000 0x0000000000048000 xrw
RAM_D3           0x0000000038000000 0x0000000000010000 xrw
ITCMRAM          0x0000000000000000 0x0000000000010000 xrw
FLASH            0x0000000008000000 0x0000000000200000 xr
*default*        0x0000000000000000 0xffffffffffffffff

Linker script and memory map

LOAD c:/arm_tool/gcc/bin/../lib/gcc/arm-none-eabi/8.2.1/thumb/v7e-m+dp/hard/crti.o
LOAD c:/arm_tool/gcc/bin/../lib/gcc/arm-none-eabi/8.2.1/thumb/v7e-m+dp/hard/crtbegin.o
LOAD c:/arm_tool/gcc/bin/../lib/gcc/arm-none-eabi/8.2.1/../../../../arm-none-eabi/lib/thumb/v7e-m+dp/hard/crt0.o
LOAD build/main.o
LOAD build/gpio.o
LOAD build/usart.o
LOAD build/stm32h7xx_it.o
LOAD build/stm32h7xx_hal_msp.o
LOAD build/usb_device.o
LOAD build/usbd_desc.o
LOAD build/usbd_cdc_if.o
LOAD build/usbd_conf.o
LOAD build/stm32h7xx_hal_pcd.o
LOAD build/stm32h7xx_hal_pcd_ex.o
LOAD build/stm32h7xx_ll_usb.o
LOAD build/stm32h7xx_hal_rcc.o
LOAD build/stm32h7xx_hal_rcc_ex.o
LOAD build/stm32h7xx_hal_flash.o
LOAD build/stm32h7xx_hal_flash_ex.o
LOAD build/stm32h7xx_hal_gpio.o
LOAD build/stm32h7xx_hal_hsem.o
LOAD build/stm32h7xx_hal_dma.o
LOAD build/stm32h7xx_hal_dma_ex.o
LOAD build/stm32h7xx_hal_mdma.o
LOAD build/stm32h7xx_hal_pwr.o
LOAD build/stm32h7xx_hal_pwr_ex.o
LOAD build/stm32h7xx_hal_cortex.o
LOAD build/stm32h7xx_hal.o
LOAD build/stm32h7xx_hal_i2c.o
LOAD build/stm32h7xx_hal_i2c_ex.o
LOAD build/stm32h7xx_hal_exti.o
LOAD build/stm32h7xx_hal_tim.o
LOAD build/stm32h7xx_hal_tim_ex.o
LOAD build/stm32h7xx_hal_uart.o
LOAD build/stm32h7xx_hal_uart_ex.o
LOAD build/system_stm32h7xx.o
LOAD build/usbd_core.o
LOAD build/usbd_ctlreq.o
LOAD build/usbd_ioreq.o
LOAD build/usbd_cdc.o
LOAD build/dma.o
LOAD build/usbd_uvc.o
LOAD build/usbd_uvc_if.o
LOAD build/rng.o
LOAD build/stm32h7xx_hal_rng.o
LOAD build/stm32h7xx_hal_rng_ex.o
LOAD build/dcmi.o
LOAD build/stm32h7xx_hal_dcmi.o
LOAD build/retarget.o
LOAD build/esq_seq.o
LOAD build/terminal_graphics.o
LOAD build/radio_button.o
LOAD build/esc_codes.o
LOAD build/cursor.o
LOAD build/startup_stm32h743xx.o
LOAD c:/arm_tool/gcc/bin/../lib/gcc/arm-none-eabi/8.2.1/../../../../arm-none-eabi/lib/thumb/v7e-m+dp/hard\libc_nano.a
LOAD c:/arm_tool/gcc/bin/../lib/gcc/arm-none-eabi/8.2.1/../../../../arm-none-eabi/lib/thumb/v7e-m+dp/hard\libm.a
LOAD c:/arm_tool/gcc/bin/../lib/gcc/arm-none-eabi/8.2.1/../../../../arm-none-eabi/lib/thumb/v7e-m+dp/hard\libnosys.a
START GROUP
LOAD c:/arm_tool/gcc/bin/../lib/gcc/arm-none-eabi/8.2.1/thumb/v7e-m+dp/hard\libgcc.a
LOAD c:/arm_tool/gcc/bin/../lib/gcc/arm-none-eabi/8.2.1/../../../../arm-none-eabi/lib/thumb/v7e-m+dp/hard\libc_nano.a
END GROUP
START GROUP
LOAD c:/arm_tool/gcc/bin/../lib/gcc/arm-none-eabi/8.2.1/thumb/v7e-m+dp/hard\libgcc.a
LOAD c:/arm_tool/gcc/bin/../lib/gcc/arm-none-eabi/8.2.1/../../../../arm-none-eabi/lib/thumb/v7e-m+dp/hard\libc_nano.a
END GROUP
LOAD c:/arm_tool/gcc/bin/../lib/gcc/arm-none-eabi/8.2.1/thumb/v7e-m+dp/hard/crtend.o
LOAD c:/arm_tool/gcc/bin/../lib/gcc/arm-none-eabi/8.2.1/thumb/v7e-m+dp/hard/crtn.o
                0x0000000020020000                _estack = 0x20020000
                0x0000000000000400                _Min_Heap_Size = 0x400
                0x0000000000000800                _Min_Stack_Size = 0x800

.buffers        0x0000000024000000    0x26824
                0x0000000024000000                . = ALIGN (0x4)
 *(.ITCMRAM_buf*)
                0x0000000024000000                . = ALIGN (0x4)
 *(.DTCMRAM_buf*)
 .DTCMRAM_buf   0x0000000024000000       0x20 build/main.o
                0x0000000024000000                zx_pix_tab
                0x0000000024000020                . = ALIGN (0x4)
 *(.RAM_D1_buf*)
 .RAM_D1_buf    0x0000000024000020    0x25804 build/main.o
                0x0000000024000020                rx
                0x0000000024000024                ucv_buf
 .RAM_D1_buf    0x0000000024025824     0x1000 build/retarget.o
                0x0000000024025824                buf

.bufferss       0x0000000030000000    0x3dc00
                0x0000000030000000                . = ALIGN (0x4)
 *(.RAM_D2_buf*)
 .RAM_D2_buf    0x0000000030000000    0x3dc00 build/main.o
                0x0000000030000000                zx_buf

.isr_vector     0x0000000008000000      0x298
                0x0000000008000000                . = ALIGN (0x4)
 *(.isr_vector)
 .isr_vector    0x0000000008000000      0x298 build/startup_stm32h743xx.o
                0x0000000008000000                g_pfnVectors
                0x0000000008000298                . = ALIGN (0x4)

.text           0x00000000080002a0     0xb258
                0x00000000080002a0                . = ALIGN (0x4)
 *(.text)
 .text          0x00000000080002a0       0x10 c:/arm_tool/gcc/bin/../lib/gcc/arm-none-eabi/8.2.1/../../../../arm-none-eabi/lib/thumb/v7e-m+dp/hard\libc_nano.a(lib_a-strlen.o)
                0x00000000080002a0                strlen
 .text          0x00000000080002b0       0xa0 c:/arm_tool/gcc/bin/../lib/gcc/arm-none-eabi/8.2.1/../../../../arm-none-eabi/lib/thumb/v7e-m+dp/hard\libc_nano.a(lib_a-memchr.o)
                0x00000000080002b0                memchr
 .text          0x0000000008000350       0x30 c:/arm_tool/gcc/bin/../lib/gcc/arm-none-eabi/8.2.1/thumb/v7e-m+dp/hard\libgcc.a(_aeabi_uldivmod.o)
                0x0000000008000350                __aeabi_uldivmod
 .text          0x0000000008000380        0x4 c:/arm_tool/gcc/bin/../lib/gcc/arm-none-eabi/8.2.1/thumb/v7e-m+dp/hard\libgcc.a(_dvmd_tls.o)
                0x0000000008000380                __aeabi_idiv0
                0x0000000008000380                __aeabi_ldiv0
 *(.text*)
 .text.deregister_tm_clones
                0x0000000008000384       0x1c c:/arm_tool/gcc/bin/../lib/gcc/arm-none-eabi/8.2.1/thumb/v7e-m+dp/hard/crtbegin.o
 .text.register_tm_clones
                0x00000000080003a0       0x24 c:/arm_tool/gcc/bin/../lib/gcc/arm-none-eabi/8.2.1/thumb/v7e-m+dp/hard/crtbegin.o
 .text.__do_global_dtors_aux
                0x00000000080003c4       0x28 c:/arm_tool/gcc/bin/../lib/gcc/arm-none-eabi/8.2.1/thumb/v7e-m+dp/hard/crtbegin.o
 .text.frame_dummy
                0x00000000080003ec       0x24 c:/arm_tool/gcc/bin/../lib/gcc/arm-none-eabi/8.2.1/thumb/v7e-m+dp/hard/crtbegin.o
 .text.HAL_DCMI_VsyncEventCallback
                0x0000000008000410       0x30 build/main.o
                0x0000000008000410                HAL_DCMI_VsyncEventCallback
 .text.HAL_DCMI_LineEventCallback
                0x0000000008000440        0x4 build/main.o
                0x0000000008000440                HAL_DCMI_LineEventCallback
 .text.HAL_DCMI_FrameEventCallback
                0x0000000008000444        0x4 build/main.o
                0x0000000008000444                HAL_DCMI_FrameEventCallback
 .text.HAL_DCMI_ErrorCallback
                0x0000000008000448        0x4 build/main.o
                0x0000000008000448                HAL_DCMI_ErrorCallback
 .text.init_pix_table
                0x000000000800044c       0xe4 build/main.o
                0x000000000800044c                init_pix_table
 .text.console_key
                0x0000000008000530      0x120 build/main.o
                0x0000000008000530                console_key
 .text.HAL_UART_RxCpltCallback
                0x0000000008000650       0x1c build/main.o
                0x0000000008000650                HAL_UART_RxCpltCallback
 .text.HAL_UART_RxHalfCpltCallback
                0x000000000800066c       0x1c build/main.o
                0x000000000800066c                HAL_UART_RxHalfCpltCallback
 .text.SystemClock_Config
                0x0000000008000688       0xd0 build/main.o
                0x0000000008000688                SystemClock_Config
 .text.startup.main
                0x0000000008000758      0x1c8 build/main.o
                0x0000000008000758                main
 .text.Error_Handler
                0x0000000008000920        0x4 build/main.o
                0x0000000008000920                Error_Handler
 .text.MX_GPIO_Init
                0x0000000008000924      0x19c build/gpio.o
                0x0000000008000924                MX_GPIO_Init
 .text.MX_USART3_UART_Init
                0x0000000008000ac0       0x8c build/usart.o
                0x0000000008000ac0                MX_USART3_UART_Init
 .text.HAL_UART_MspInit
                0x0000000008000b4c      0x124 build/usart.o
                0x0000000008000b4c                HAL_UART_MspInit
 .text.NMI_Handler
                0x0000000008000c70        0x4 build/stm32h7xx_it.o
                0x0000000008000c70                NMI_Handler
 .text.HardFault_Handler
                0x0000000008000c74        0x4 build/stm32h7xx_it.o
                0x0000000008000c74                HardFault_Handler
 .text.MemManage_Handler
                0x0000000008000c78        0x4 build/stm32h7xx_it.o
                0x0000000008000c78                MemManage_Handler
 .text.BusFault_Handler
                0x0000000008000c7c        0x4 build/stm32h7xx_it.o
                0x0000000008000c7c                BusFault_Handler
 .text.UsageFault_Handler
                0x0000000008000c80        0x4 build/stm32h7xx_it.o
                0x0000000008000c80                UsageFault_Handler
 .text.SVC_Handler
                0x0000000008000c84        0x4 build/stm32h7xx_it.o
                0x0000000008000c84                SVC_Handler
 .text.DebugMon_Handler
                0x0000000008000c88        0x4 build/stm32h7xx_it.o
                0x0000000008000c88                DebugMon_Handler
 .text.PendSV_Handler
                0x0000000008000c8c        0x4 build/stm32h7xx_it.o
                0x0000000008000c8c                PendSV_Handler
 .text.SysTick_Handler
                0x0000000008000c90        0x4 build/stm32h7xx_it.o
                0x0000000008000c90                SysTick_Handler
 .text.DMA1_Stream0_IRQHandler
                0x0000000008000c94        0xc build/stm32h7xx_it.o
                0x0000000008000c94                DMA1_Stream0_IRQHandler
 .text.DMA1_Stream1_IRQHandler
                0x0000000008000ca0        0xc build/stm32h7xx_it.o
                0x0000000008000ca0                DMA1_Stream1_IRQHandler
 .text.DMA1_Stream2_IRQHandler
                0x0000000008000cac        0xc build/stm32h7xx_it.o
                0x0000000008000cac                DMA1_Stream2_IRQHandler
 .text.USART3_IRQHandler
                0x0000000008000cb8        0xc build/stm32h7xx_it.o
                0x0000000008000cb8                USART3_IRQHandler
 .text.OTG_HS_IRQHandler
                0x0000000008000cc4        0xc build/stm32h7xx_it.o
                0x0000000008000cc4                OTG_HS_IRQHandler
 .text.DCMI_IRQHandler
                0x0000000008000cd0        0xc build/stm32h7xx_it.o
                0x0000000008000cd0                DCMI_IRQHandler
 .text.OTG_FS_IRQHandler
                0x0000000008000cdc        0xc build/stm32h7xx_it.o
                0x0000000008000cdc                OTG_FS_IRQHandler
 .text.HAL_MspInit
                0x0000000008000ce8       0x24 build/stm32h7xx_hal_msp.o
                0x0000000008000ce8                HAL_MspInit
 .text.MX_USB_DEVICE_Init
                0x0000000008000d0c       0xd4 build/usb_device.o
                0x0000000008000d0c                MX_USB_DEVICE_Init
 .text.USBD_HS_DeviceDescriptor
                0x0000000008000de0        0xc build/usbd_desc.o
                0x0000000008000de0                USBD_HS_DeviceDescriptor
 .text.USBD_FS_DeviceDescriptor
                0x0000000008000dec        0xc build/usbd_desc.o
                0x0000000008000dec                USBD_FS_DeviceDescriptor
 .text.USBD_FS_LangIDStrDescriptor
                0x0000000008000df8        0xc build/usbd_desc.o
                0x0000000008000df8                USBD_FS_LangIDStrDescriptor
 .text.IntToUnicode
                0x0000000008000e04       0x30 build/usbd_desc.o
 .text.Get_SerialNum
                0x0000000008000e34       0x40 build/usbd_desc.o
 .text.USBD_FS_SerialStrDescriptor
                0x0000000008000e74       0x14 build/usbd_desc.o
                0x0000000008000e74                USBD_FS_SerialStrDescriptor
 .text.USBD_FS_ManufacturerStrDescriptor
                0x0000000008000e88       0x1c build/usbd_desc.o
                0x0000000008000e88                USBD_FS_ManufacturerStrDescriptor
 .text.USBD_HS_ProductStrDescriptor
                0x0000000008000ea4       0x1c build/usbd_desc.o
                0x0000000008000ea4                USBD_HS_ProductStrDescriptor
 .text.USBD_HS_InterfaceStrDescriptor
                0x0000000008000ec0       0x1c build/usbd_desc.o
                0x0000000008000ec0                USBD_HS_InterfaceStrDescriptor
 .text.USBD_FS_ProductStrDescriptor
                0x0000000008000edc       0x1c build/usbd_desc.o
                0x0000000008000edc                USBD_FS_ProductStrDescriptor
 .text.USBD_FS_ConfigStrDescriptor
                0x0000000008000ef8       0x1c build/usbd_desc.o
                0x0000000008000ef8                USBD_FS_ConfigStrDescriptor
 .text.USBD_FS_InterfaceStrDescriptor
                0x0000000008000f14       0x1c build/usbd_desc.o
                0x0000000008000f14                USBD_FS_InterfaceStrDescriptor
 .text.USBD_HS_LangIDStrDescriptor
                0x0000000008000f30        0xc build/usbd_desc.o
                0x0000000008000f30                USBD_HS_LangIDStrDescriptor
 .text.USBD_HS_SerialStrDescriptor
                0x0000000008000f3c       0x14 build/usbd_desc.o
                0x0000000008000f3c                USBD_HS_SerialStrDescriptor
 .text.USBD_HS_ManufacturerStrDescriptor
                0x0000000008000f50       0x1c build/usbd_desc.o
                0x0000000008000f50                USBD_HS_ManufacturerStrDescriptor
 .text.USBD_HS_ConfigStrDescriptor
                0x0000000008000f6c       0x1c build/usbd_desc.o
                0x0000000008000f6c                USBD_HS_ConfigStrDescriptor
 .text.CDC_DeInit_FS
                0x0000000008000f88        0x4 build/usbd_cdc_if.o
 .text.CDC_Control_FS
                0x0000000008000f8c        0x4 build/usbd_cdc_if.o
 .text.CDC_TransmitCplt_FS
                0x0000000008000f90        0x4 build/usbd_cdc_if.o
 .text.CDC_Receive_FS
                0x0000000008000f94       0x1c build/usbd_cdc_if.o
 .text.CDC_Init_FS
                0x0000000008000fb0       0x28 build/usbd_cdc_if.o
 .text.HAL_PCD_MspInit
                0x0000000008000fd8      0x1cc build/usbd_conf.o
                0x0000000008000fd8                HAL_PCD_MspInit
 .text.HAL_PCD_SetupStageCallback
                0x00000000080011a4        0xc build/usbd_conf.o
                0x00000000080011a4                HAL_PCD_SetupStageCallback
 .text.HAL_PCD_DataOutStageCallback
                0x00000000080011b0       0x14 build/usbd_conf.o
                0x00000000080011b0                HAL_PCD_DataOutStageCallback
 .text.HAL_PCD_DataInStageCallback
                0x00000000080011c4       0x14 build/usbd_conf.o
                0x00000000080011c4                HAL_PCD_DataInStageCallback
 .text.HAL_PCD_SOFCallback
                0x00000000080011d8        0x8 build/usbd_conf.o
                0x00000000080011d8                HAL_PCD_SOFCallback
 .text.HAL_PCD_ResetCallback
                0x00000000080011e0       0x2c build/usbd_conf.o
                0x00000000080011e0                HAL_PCD_ResetCallback
 .text.HAL_PCD_SuspendCallback
                0x000000000800120c       0x30 build/usbd_conf.o
                0x000000000800120c                HAL_PCD_SuspendCallback
 .text.HAL_PCD_ResumeCallback
                0x000000000800123c        0x8 build/usbd_conf.o
                0x000000000800123c                HAL_PCD_ResumeCallback
 .text.HAL_PCD_ISOOUTIncompleteCallback
                0x0000000008001244        0x8 build/usbd_conf.o
                0x0000000008001244                HAL_PCD_ISOOUTIncompleteCallback
 .text.HAL_PCD_ISOINIncompleteCallback
                0x000000000800124c        0x8 build/usbd_conf.o
                0x000000000800124c                HAL_PCD_ISOINIncompleteCallback
 .text.HAL_PCD_ConnectCallback
                0x0000000008001254        0x8 build/usbd_conf.o
                0x0000000008001254                HAL_PCD_ConnectCallback
 .text.HAL_PCD_DisconnectCallback
                0x000000000800125c        0x8 build/usbd_conf.o
                0x000000000800125c                HAL_PCD_DisconnectCallback
 .text.USBD_LL_Init
                0x0000000008001264       0xd0 build/usbd_conf.o
                0x0000000008001264                USBD_LL_Init
 .text.USBD_LL_Start
                0x0000000008001334       0x1c build/usbd_conf.o
                0x0000000008001334                USBD_LL_Start
 .text.USBD_LL_OpenEP
                0x0000000008001350       0x24 build/usbd_conf.o
                0x0000000008001350                USBD_LL_OpenEP
 .text.USBD_LL_CloseEP
                0x0000000008001374       0x1c build/usbd_conf.o
                0x0000000008001374                USBD_LL_CloseEP
 .text.USBD_LL_StallEP
                0x0000000008001390       0x1c build/usbd_conf.o
                0x0000000008001390                USBD_LL_StallEP
 .text.USBD_LL_ClearStallEP
                0x00000000080013ac       0x1c build/usbd_conf.o
                0x00000000080013ac                USBD_LL_ClearStallEP
 .text.USBD_LL_IsStallEP
                0x00000000080013c8       0x28 build/usbd_conf.o
                0x00000000080013c8                USBD_LL_IsStallEP
 .text.USBD_LL_SetUSBAddress
                0x00000000080013f0       0x1c build/usbd_conf.o
                0x00000000080013f0                USBD_LL_SetUSBAddress
 .text.USBD_LL_Transmit
                0x000000000800140c       0x1c build/usbd_conf.o
                0x000000000800140c                USBD_LL_Transmit
 .text.USBD_LL_PrepareReceive
                0x0000000008001428       0x1c build/usbd_conf.o
                0x0000000008001428                USBD_LL_PrepareReceive
 .text.USBD_LL_GetRxDataSize
                0x0000000008001444        0x8 build/usbd_conf.o
                0x0000000008001444                USBD_LL_GetRxDataSize
 .text.USBD_static_malloc
                0x000000000800144c        0x8 build/usbd_conf.o
                0x000000000800144c                USBD_static_malloc
 .text.USBD_static_free
                0x0000000008001454        0x4 build/usbd_conf.o
                0x0000000008001454                USBD_static_free
 .text.HAL_PCD_Init
                0x0000000008001458      0x128 build/stm32h7xx_hal_pcd.o
                0x0000000008001458                HAL_PCD_Init
 .text.HAL_PCD_Start
                0x0000000008001580       0x44 build/stm32h7xx_hal_pcd.o
                0x0000000008001580                HAL_PCD_Start
 .text.HAL_PCD_IRQHandler
                0x00000000080015c4      0x640 build/stm32h7xx_hal_pcd.o
                0x00000000080015c4                HAL_PCD_IRQHandler
 .text.HAL_PCD_SetAddress
                0x0000000008001c04       0x28 build/stm32h7xx_hal_pcd.o
                0x0000000008001c04                HAL_PCD_SetAddress
 .text.HAL_PCD_EP_Open
                0x0000000008001c2c       0x74 build/stm32h7xx_hal_pcd.o
                0x0000000008001c2c                HAL_PCD_EP_Open
 .text.HAL_PCD_EP_Close
                0x0000000008001ca0       0x68 build/stm32h7xx_hal_pcd.o
                0x0000000008001ca0                HAL_PCD_EP_Close
 .text.HAL_PCD_EP_Receive
                0x0000000008001d08       0x50 build/stm32h7xx_hal_pcd.o
                0x0000000008001d08                HAL_PCD_EP_Receive
 .text.HAL_PCD_EP_GetRxCount
                0x0000000008001d58       0x14 build/stm32h7xx_hal_pcd.o
                0x0000000008001d58                HAL_PCD_EP_GetRxCount
 .text.HAL_PCD_EP_Transmit
                0x0000000008001d6c       0x48 build/stm32h7xx_hal_pcd.o
                0x0000000008001d6c                HAL_PCD_EP_Transmit
 .text.HAL_PCD_EP_SetStall
                0x0000000008001db4       0x88 build/stm32h7xx_hal_pcd.o
                0x0000000008001db4                HAL_PCD_EP_SetStall
 .text.HAL_PCD_EP_ClrStall
                0x0000000008001e3c       0x78 build/stm32h7xx_hal_pcd.o
                0x0000000008001e3c                HAL_PCD_EP_ClrStall
 .text.HAL_PCDEx_SetTxFiFo
                0x0000000008001eb4       0x48 build/stm32h7xx_hal_pcd_ex.o
                0x0000000008001eb4                HAL_PCDEx_SetTxFiFo
 .text.HAL_PCDEx_SetRxFiFo
                0x0000000008001efc        0x8 build/stm32h7xx_hal_pcd_ex.o
                0x0000000008001efc                HAL_PCDEx_SetRxFiFo
 .text.HAL_PCDEx_ActivateLPM
                0x0000000008001f04       0x2c build/stm32h7xx_hal_pcd_ex.o
                0x0000000008001f04                HAL_PCDEx_ActivateLPM
 .text.HAL_PCDEx_LPM_Callback
                0x0000000008001f30        0x4 build/stm32h7xx_hal_pcd_ex.o
                0x0000000008001f30                HAL_PCDEx_LPM_Callback
 .text.USB_CoreReset
                0x0000000008001f34       0x50 build/stm32h7xx_ll_usb.o
 .text.USB_CoreInit
                0x0000000008001f84       0x9c build/stm32h7xx_ll_usb.o
                0x0000000008001f84                USB_CoreInit
 .text.USB_SetTurnaroundTime
                0x0000000008002020      0x100 build/stm32h7xx_ll_usb.o
                0x0000000008002020                USB_SetTurnaroundTime
 .text.USB_EnableGlobalInt
                0x0000000008002120       0x10 build/stm32h7xx_ll_usb.o
                0x0000000008002120                USB_EnableGlobalInt
 .text.USB_DisableGlobalInt
                0x0000000008002130       0x10 build/stm32h7xx_ll_usb.o
                0x0000000008002130                USB_DisableGlobalInt
 .text.USB_SetCurrentMode
                0x0000000008002140       0x6c build/stm32h7xx_ll_usb.o
                0x0000000008002140                USB_SetCurrentMode
 .text.USB_FlushTxFifo
                0x00000000080021ac       0x50 build/stm32h7xx_ll_usb.o
                0x00000000080021ac                USB_FlushTxFifo
 .text.USB_FlushRxFifo
                0x00000000080021fc       0x4c build/stm32h7xx_ll_usb.o
                0x00000000080021fc                USB_FlushRxFifo
 .text.USB_DevInit
                0x0000000008002248      0x184 build/stm32h7xx_ll_usb.o
                0x0000000008002248                USB_DevInit
 .text.USB_GetDevSpeed
                0x00000000080023cc       0x18 build/stm32h7xx_ll_usb.o
                0x00000000080023cc                USB_GetDevSpeed
 .text.USB_ActivateEndpoint
                0x00000000080023e4       0x84 build/stm32h7xx_ll_usb.o
                0x00000000080023e4                USB_ActivateEndpoint
 .text.USB_DeactivateEndpoint
                0x0000000008002468       0xc0 build/stm32h7xx_ll_usb.o
                0x0000000008002468                USB_DeactivateEndpoint
 .text.USB_EPStartXfer
                0x0000000008002528      0x248 build/stm32h7xx_ll_usb.o
                0x0000000008002528                USB_EPStartXfer
 .text.USB_EP0StartXfer
                0x0000000008002770      0x110 build/stm32h7xx_ll_usb.o
                0x0000000008002770                USB_EP0StartXfer
 .text.USB_WritePacket
                0x0000000008002880       0x2c build/stm32h7xx_ll_usb.o
                0x0000000008002880                USB_WritePacket
 .text.USB_ReadPacket
                0x00000000080028ac       0x4c build/stm32h7xx_ll_usb.o
                0x00000000080028ac                USB_ReadPacket
 .text.USB_EPSetStall
                0x00000000080028f8       0x70 build/stm32h7xx_ll_usb.o
                0x00000000080028f8                USB_EPSetStall
 .text.USB_EPClearStall
                0x0000000008002968       0x58 build/stm32h7xx_ll_usb.o
                0x0000000008002968                USB_EPClearStall
 .text.USB_SetDevAddress
                0x00000000080029c0       0x24 build/stm32h7xx_ll_usb.o
                0x00000000080029c0                USB_SetDevAddress
 .text.USB_DevConnect
                0x00000000080029e4       0x20 build/stm32h7xx_ll_usb.o
                0x00000000080029e4                USB_DevConnect
 .text.USB_DevDisconnect
                0x0000000008002a04       0x20 build/stm32h7xx_ll_usb.o
                0x0000000008002a04                USB_DevDisconnect
 .text.USB_ReadInterrupts
                0x0000000008002a24        0x8 build/stm32h7xx_ll_usb.o
                0x0000000008002a24                USB_ReadInterrupts
 .text.USB_ReadDevAllOutEpInterrupt
                0x0000000008002a2c       0x10 build/stm32h7xx_ll_usb.o
                0x0000000008002a2c                USB_ReadDevAllOutEpInterrupt
 .text.USB_ReadDevAllInEpInterrupt
                0x0000000008002a3c       0x10 build/stm32h7xx_ll_usb.o
                0x0000000008002a3c                USB_ReadDevAllInEpInterrupt
 .text.USB_ReadDevOutEPInterrupt
                0x0000000008002a4c       0x14 build/stm32h7xx_ll_usb.o
                0x0000000008002a4c                USB_ReadDevOutEPInterrupt
 .text.USB_ReadDevInEPInterrupt
                0x0000000008002a60       0x28 build/stm32h7xx_ll_usb.o
                0x0000000008002a60                USB_ReadDevInEPInterrupt
 .text.USB_GetMode
                0x0000000008002a88        0x8 build/stm32h7xx_ll_usb.o
                0x0000000008002a88                USB_GetMode
 .text.USB_ActivateSetup
                0x0000000008002a90       0x2c build/stm32h7xx_ll_usb.o
                0x0000000008002a90                USB_ActivateSetup
 .text.USB_EP0_OutStart
                0x0000000008002abc       0x50 build/stm32h7xx_ll_usb.o
                0x0000000008002abc                USB_EP0_OutStart
 .text.HAL_RCC_OscConfig
                0x0000000008002b0c      0x5d4 build/stm32h7xx_hal_rcc.o
                0x0000000008002b0c                HAL_RCC_OscConfig
 .text.HAL_RCC_MCOConfig
                0x00000000080030e0       0xa0 build/stm32h7xx_hal_rcc.o
                0x00000000080030e0                HAL_RCC_MCOConfig
 .text.HAL_RCC_GetSysClockFreq
                0x0000000008003180      0x118 build/stm32h7xx_hal_rcc.o
                0x0000000008003180                HAL_RCC_GetSysClockFreq
 .text.HAL_RCC_ClockConfig
                0x0000000008003298      0x24c build/stm32h7xx_hal_rcc.o
                0x0000000008003298                HAL_RCC_ClockConfig
 .text.HAL_RCC_GetHCLKFreq
                0x00000000080034e4       0x44 build/stm32h7xx_hal_rcc.o
                0x00000000080034e4                HAL_RCC_GetHCLKFreq
 .text.HAL_RCC_GetPCLK1Freq
                0x0000000008003528       0x24 build/stm32h7xx_hal_rcc.o
                0x0000000008003528                HAL_RCC_GetPCLK1Freq
 .text.HAL_RCC_GetPCLK2Freq
                0x000000000800354c       0x24 build/stm32h7xx_hal_rcc.o
                0x000000000800354c                HAL_RCC_GetPCLK2Freq
 .text.RCCEx_PLL2_Config
                0x0000000008003570       0xf8 build/stm32h7xx_hal_rcc_ex.o
 .text.RCCEx_PLL3_Config
                0x0000000008003668       0xf8 build/stm32h7xx_hal_rcc_ex.o
 .text.HAL_RCCEx_PeriphCLKConfig
                0x0000000008003760      0xaa0 build/stm32h7xx_hal_rcc_ex.o
                0x0000000008003760                HAL_RCCEx_PeriphCLKConfig
 .text.HAL_RCCEx_GetD3PCLK1Freq
                0x0000000008004200       0x24 build/stm32h7xx_hal_rcc_ex.o
                0x0000000008004200                HAL_RCCEx_GetD3PCLK1Freq
 .text.HAL_RCCEx_GetPLL2ClockFreq
                0x0000000008004224      0x130 build/stm32h7xx_hal_rcc_ex.o
                0x0000000008004224                HAL_RCCEx_GetPLL2ClockFreq
 .text.HAL_RCCEx_GetPLL3ClockFreq
                0x0000000008004354      0x130 build/stm32h7xx_hal_rcc_ex.o
                0x0000000008004354                HAL_RCCEx_GetPLL3ClockFreq
 .text.HAL_GPIO_Init
                0x0000000008004484      0x26c build/stm32h7xx_hal_gpio.o
                0x0000000008004484                HAL_GPIO_Init
 .text.HAL_GPIO_WritePin
                0x00000000080046f0        0x8 build/stm32h7xx_hal_gpio.o
                0x00000000080046f0                HAL_GPIO_WritePin
 .text.HAL_GPIO_TogglePin
                0x00000000080046f8       0x14 build/stm32h7xx_hal_gpio.o
                0x00000000080046f8                HAL_GPIO_TogglePin
 .text.DMA_SetConfig
                0x000000000800470c      0x1ac build/stm32h7xx_hal_dma.o
 .text.DMA_CalcBaseAndBitshift
                0x00000000080048b8       0xf4 build/stm32h7xx_hal_dma.o
 .text.DMA_CalcDMAMUXChannelBaseAndMask
                0x00000000080049ac       0xdc build/stm32h7xx_hal_dma.o
 .text.DMA_CalcDMAMUXRequestGenBaseAndMask
                0x0000000008004a88       0xa0 build/stm32h7xx_hal_dma.o
 .text.HAL_DMA_Init
                0x0000000008004b28      0x488 build/stm32h7xx_hal_dma.o
                0x0000000008004b28                HAL_DMA_Init
 .text.HAL_DMA_Start_IT
                0x0000000008004fb0      0x1cc build/stm32h7xx_hal_dma.o
                0x0000000008004fb0                HAL_DMA_Start_IT
 .text.HAL_DMA_Abort
                0x000000000800517c      0x308 build/stm32h7xx_hal_dma.o
                0x000000000800517c                HAL_DMA_Abort
 .text.HAL_DMA_Abort_IT
                0x0000000008005484      0x19c build/stm32h7xx_hal_dma.o
                0x0000000008005484                HAL_DMA_Abort_IT
 .text.HAL_DMA_IRQHandler
                0x0000000008005620      0x6b0 build/stm32h7xx_hal_dma.o
                0x0000000008005620                HAL_DMA_IRQHandler
 .text.DMA_MultiBufferSetConfig
                0x0000000008005cd0       0x1c build/stm32h7xx_hal_dma_ex.o
 .text.HAL_DMAEx_MultiBufferStart_IT
                0x0000000008005cec      0x3bc build/stm32h7xx_hal_dma_ex.o
                0x0000000008005cec                HAL_DMAEx_MultiBufferStart_IT
 .text.HAL_DMAEx_ChangeMemory
                0x00000000080060a8       0x18 build/stm32h7xx_hal_dma_ex.o
                0x00000000080060a8                HAL_DMAEx_ChangeMemory
 .text.HAL_PWREx_ConfigSupply
                0x00000000080060c0       0x4c build/stm32h7xx_hal_pwr_ex.o
                0x00000000080060c0                HAL_PWREx_ConfigSupply
 .text.HAL_PWREx_EnableUSBVoltageDetector
                0x000000000800610c       0x10 build/stm32h7xx_hal_pwr_ex.o
                0x000000000800610c                HAL_PWREx_EnableUSBVoltageDetector
 .text.HAL_NVIC_SetPriorityGrouping
                0x000000000800611c       0x28 build/stm32h7xx_hal_cortex.o
                0x000000000800611c                HAL_NVIC_SetPriorityGrouping
 .text.HAL_NVIC_SetPriority
                0x0000000008006144       0x6c build/stm32h7xx_hal_cortex.o
                0x0000000008006144                HAL_NVIC_SetPriority
 .text.HAL_NVIC_EnableIRQ
                0x00000000080061b0       0x1c build/stm32h7xx_hal_cortex.o
                0x00000000080061b0                HAL_NVIC_EnableIRQ
 .text.HAL_SYSTICK_Config
                0x00000000080061cc       0x30 build/stm32h7xx_hal_cortex.o
                0x00000000080061cc                HAL_SYSTICK_Config
 .text.HAL_InitTick
                0x00000000080061fc       0x4c build/stm32h7xx_hal.o
                0x00000000080061fc                HAL_InitTick
 .text.HAL_Init
                0x0000000008006248       0x60 build/stm32h7xx_hal.o
                0x0000000008006248                HAL_Init
 .text.HAL_IncTick
                0x00000000080062a8       0x18 build/stm32h7xx_hal.o
                0x00000000080062a8                HAL_IncTick
 .text.HAL_GetTick
                0x00000000080062c0        0xc build/stm32h7xx_hal.o
                0x00000000080062c0                HAL_GetTick
 .text.HAL_Delay
                0x00000000080062cc       0x24 build/stm32h7xx_hal.o
                0x00000000080062cc                HAL_Delay
 .text.HAL_GetREVID
                0x00000000080062f0        0xc build/stm32h7xx_hal.o
                0x00000000080062f0                HAL_GetREVID
 .text.UART_EndRxTransfer
                0x00000000080062fc       0x6c build/stm32h7xx_hal_uart.o
 .text.HAL_UART_Transmit_DMA
                0x0000000008006368       0xc8 build/stm32h7xx_hal_uart.o
                0x0000000008006368                HAL_UART_Transmit_DMA
 .text.HAL_UART_TxCpltCallback
                0x0000000008006430        0x4 build/stm32h7xx_hal_uart.o
                0x0000000008006430                HAL_UART_TxCpltCallback
 .text.UART_DMATransmitCplt
                0x0000000008006434       0x44 build/stm32h7xx_hal_uart.o
 .text.HAL_UART_TxHalfCpltCallback
                0x0000000008006478        0x4 build/stm32h7xx_hal_uart.o
                0x0000000008006478                HAL_UART_TxHalfCpltCallback
 .text.UART_DMATxHalfCplt
                0x000000000800647c        0xc build/stm32h7xx_hal_uart.o
 .text.HAL_UART_ErrorCallback
                0x0000000008006488        0x4 build/stm32h7xx_hal_uart.o
                0x0000000008006488                HAL_UART_ErrorCallback
 .text.UART_DMAError
                0x000000000800648c       0x7c build/stm32h7xx_hal_uart.o
 .text.UART_DMAAbortOnError
                0x0000000008006508       0x18 build/stm32h7xx_hal_uart.o
 .text.HAL_UARTEx_RxEventCallback
                0x0000000008006520        0x4 build/stm32h7xx_hal_uart.o
                0x0000000008006520                HAL_UARTEx_RxEventCallback
 .text.HAL_UART_IRQHandler
                0x0000000008006524      0x31c build/stm32h7xx_hal_uart.o
                0x0000000008006524                HAL_UART_IRQHandler
 .text.UART_DMARxHalfCplt
                0x0000000008006840       0x1c build/stm32h7xx_hal_uart.o
 .text.UART_DMAReceiveCplt
                0x000000000800685c       0x98 build/stm32h7xx_hal_uart.o
 .text.UART_SetConfig
                0x00000000080068f4      0x5b8 build/stm32h7xx_hal_uart.o
                0x00000000080068f4                UART_SetConfig
 .text.UART_AdvFeatureConfig
                0x0000000008006eac       0xb0 build/stm32h7xx_hal_uart.o
                0x0000000008006eac                UART_AdvFeatureConfig
 .text.UART_WaitOnFlagUntilTimeout
                0x0000000008006f5c       0xd0 build/stm32h7xx_hal_uart.o
                0x0000000008006f5c                UART_WaitOnFlagUntilTimeout
 .text.UART_CheckIdleState
                0x000000000800702c       0x74 build/stm32h7xx_hal_uart.o
                0x000000000800702c                UART_CheckIdleState
 .text.HAL_UART_Init
                0x00000000080070a0       0x68 build/stm32h7xx_hal_uart.o
                0x00000000080070a0                HAL_UART_Init
 .text.UART_Start_Receive_DMA
                0x0000000008007108       0xac build/stm32h7xx_hal_uart.o
                0x0000000008007108                UART_Start_Receive_DMA
 .text.HAL_UART_Receive_DMA
                0x00000000080071b4       0x5c build/stm32h7xx_hal_uart.o
                0x00000000080071b4                HAL_UART_Receive_DMA
 .text.UARTEx_SetNbDataToProcess.part.1
                0x0000000008007210       0x3c build/stm32h7xx_hal_uart_ex.o
 .text.HAL_UARTEx_WakeupCallback
                0x000000000800724c        0x4 build/stm32h7xx_hal_uart_ex.o
                0x000000000800724c                HAL_UARTEx_WakeupCallback
 .text.HAL_UARTEx_RxFifoFullCallback
                0x0000000008007250        0x4 build/stm32h7xx_hal_uart_ex.o
                0x0000000008007250                HAL_UARTEx_RxFifoFullCallback
 .text.HAL_UARTEx_TxFifoEmptyCallback
                0x0000000008007254        0x4 build/stm32h7xx_hal_uart_ex.o
                0x0000000008007254                HAL_UARTEx_TxFifoEmptyCallback
 .text.HAL_UARTEx_DisableFifoMode
                0x0000000008007258       0x3c build/stm32h7xx_hal_uart_ex.o
                0x0000000008007258                HAL_UARTEx_DisableFifoMode
 .text.HAL_UARTEx_SetTxFifoThreshold
                0x0000000008007294       0x58 build/stm32h7xx_hal_uart_ex.o
                0x0000000008007294                HAL_UARTEx_SetTxFifoThreshold
 .text.HAL_UARTEx_SetRxFifoThreshold
                0x00000000080072ec       0x58 build/stm32h7xx_hal_uart_ex.o
                0x00000000080072ec                HAL_UARTEx_SetRxFifoThreshold
 .text.SystemInit
                0x0000000008007344       0xcc build/system_stm32h7xx.o
                0x0000000008007344                SystemInit
 .text.USBD_Init
                0x0000000008007410       0x2c build/usbd_core.o
                0x0000000008007410                USBD_Init
 .text.USBD_RegisterClass
                0x000000000800743c       0x38 build/usbd_core.o
                0x000000000800743c                USBD_RegisterClass
 .text.USBD_Start
                0x0000000008007474        0x4 build/usbd_core.o
                0x0000000008007474                USBD_Start
 .text.USBD_SetClassConfig
                0x0000000008007478       0x10 build/usbd_core.o
                0x0000000008007478                USBD_SetClassConfig
 .text.USBD_ClrClassConfig
                0x0000000008007488       0x10 build/usbd_core.o
                0x0000000008007488                USBD_ClrClassConfig
 .text.USBD_LL_SetupStage
                0x0000000008007498       0x60 build/usbd_core.o
                0x0000000008007498                USBD_LL_SetupStage
 .text.USBD_LL_DataOutStage
                0x00000000080074f8       0x68 build/usbd_core.o
                0x00000000080074f8                USBD_LL_DataOutStage
 .text.USBD_LL_DataInStage
                0x0000000008007560       0xb4 build/usbd_core.o
                0x0000000008007560                USBD_LL_DataInStage
 .text.USBD_LL_Reset
                0x0000000008007614       0x58 build/usbd_core.o
                0x0000000008007614                USBD_LL_Reset
 .text.USBD_LL_SetSpeed
                0x000000000800766c        0x8 build/usbd_core.o
                0x000000000800766c                USBD_LL_SetSpeed
 .text.USBD_LL_Suspend
                0x0000000008007674       0x18 build/usbd_core.o
                0x0000000008007674                USBD_LL_Suspend
 .text.USBD_LL_Resume
                0x000000000800768c       0x18 build/usbd_core.o
                0x000000000800768c                USBD_LL_Resume
 .text.USBD_LL_SOF
                0x00000000080076a4       0x28 build/usbd_core.o
                0x00000000080076a4                USBD_LL_SOF
 .text.USBD_LL_IsoINIncomplete
                0x00000000080076cc       0x28 build/usbd_core.o
                0x00000000080076cc                USBD_LL_IsoINIncomplete
 .text.USBD_LL_IsoOUTIncomplete
                0x00000000080076f4       0x28 build/usbd_core.o
                0x00000000080076f4                USBD_LL_IsoOUTIncomplete
 .text.USBD_LL_DevConnected
                0x000000000800771c        0x4 build/usbd_core.o
                0x000000000800771c                USBD_LL_DevConnected
 .text.USBD_LL_DevDisconnected
                0x0000000008007720       0x1c build/usbd_core.o
                0x0000000008007720                USBD_LL_DevDisconnected
 .text.USBD_StdDevReq
                0x000000000800773c      0x350 build/usbd_ctlreq.o
                0x000000000800773c                USBD_StdDevReq
 .text.USBD_StdItfReq
                0x0000000008007a8c       0x70 build/usbd_ctlreq.o
                0x0000000008007a8c                USBD_StdItfReq
 .text.USBD_StdEPReq
                0x0000000008007afc      0x14c build/usbd_ctlreq.o
                0x0000000008007afc                USBD_StdEPReq
 .text.USBD_ParseSetupRequest
                0x0000000008007c48       0x28 build/usbd_ctlreq.o
                0x0000000008007c48                USBD_ParseSetupRequest
 .text.USBD_CtlError
                0x0000000008007c70       0x18 build/usbd_ctlreq.o
                0x0000000008007c70                USBD_CtlError
 .text.USBD_GetString
                0x0000000008007c88       0x4c build/usbd_ctlreq.o
                0x0000000008007c88                USBD_GetString
 .text.USBD_CtlSendData
                0x0000000008007cd4       0x1c build/usbd_ioreq.o
                0x0000000008007cd4                USBD_CtlSendData
 .text.USBD_CtlContinueSendData
                0x0000000008007cf0       0x10 build/usbd_ioreq.o
                0x0000000008007cf0                USBD_CtlContinueSendData
 .text.USBD_CtlPrepareRx
                0x0000000008007d00       0x20 build/usbd_ioreq.o
                0x0000000008007d00                USBD_CtlPrepareRx
 .text.USBD_CtlContinueRx
                0x0000000008007d20       0x10 build/usbd_ioreq.o
                0x0000000008007d20                USBD_CtlContinueRx
 .text.USBD_CtlSendStatus
                0x0000000008007d30       0x18 build/usbd_ioreq.o
                0x0000000008007d30                USBD_CtlSendStatus
 .text.USBD_CtlReceiveStatus
                0x0000000008007d48       0x18 build/usbd_ioreq.o
                0x0000000008007d48                USBD_CtlReceiveStatus
 .text.USBD_CDC_EP0_RxReady
                0x0000000008007d60       0x34 build/usbd_cdc.o
 .text.USBD_CDC_GetFSCfgDesc
                0x0000000008007d94        0xc build/usbd_cdc.o
 .text.USBD_CDC_GetHSCfgDesc
                0x0000000008007da0        0xc build/usbd_cdc.o
 .text.USBD_CDC_GetOtherSpeedCfgDesc
                0x0000000008007dac        0xc build/usbd_cdc.o
 .text.USBD_CDC_GetDeviceQualifierDescriptor
                0x0000000008007db8        0xc build/usbd_cdc.o
                0x0000000008007db8                USBD_CDC_GetDeviceQualifierDescriptor
 .text.USBD_CDC_DataOut
                0x0000000008007dc4       0x2c build/usbd_cdc.o
 .text.USBD_CDC_DataIn
                0x0000000008007df0       0x68 build/usbd_cdc.o
 .text.USBD_CDC_Setup
                0x0000000008007e58      0x10c build/usbd_cdc.o
 .text.USBD_CDC_DeInit
                0x0000000008007f64       0x44 build/usbd_cdc.o
 .text.USBD_CDC_Init
                0x0000000008007fa8       0xb4 build/usbd_cdc.o
 .text.USBD_CDC_RegisterInterface
                0x000000000800805c       0x10 build/usbd_cdc.o
                0x000000000800805c                USBD_CDC_RegisterInterface
 .text.USBD_CDC_SetTxBuffer
                0x000000000800806c       0x18 build/usbd_cdc.o
                0x000000000800806c                USBD_CDC_SetTxBuffer
 .text.USBD_CDC_SetRxBuffer
                0x0000000008008084       0x14 build/usbd_cdc.o
                0x0000000008008084                USBD_CDC_SetRxBuffer
 .text.USBD_CDC_ReceivePacket
                0x0000000008008098       0x30 build/usbd_cdc.o
                0x0000000008008098                USBD_CDC_ReceivePacket
 .text.MX_DMA_Init
                0x00000000080080c8       0x58 build/dma.o
                0x00000000080080c8                MX_DMA_Init
 .text.USBD_UVC_EP0_RxReady
                0x0000000008008120        0x4 build/usbd_uvc.o
                0x0000000008008120                USBD_UVC_EP0_RxReady
 .text.USBD_UVC_DataOut
                0x0000000008008124        0x4 build/usbd_uvc.o
                0x0000000008008124                USBD_UVC_DataOut
 .text.USBD_UVC_GetFSCfgDesc
                0x0000000008008128        0xc build/usbd_uvc.o
                0x0000000008008128                USBD_UVC_GetFSCfgDesc
 .text.USBD_UVC_Init
                0x0000000008008134       0x38 build/usbd_uvc.o
                0x0000000008008134                USBD_UVC_Init
 .text.USBD_UVC_DeInit
                0x000000000800816c       0x20 build/usbd_uvc.o
                0x000000000800816c                USBD_UVC_DeInit
 .text.USBD_UVC_DataIn
                0x000000000800818c      0x140 build/usbd_uvc.o
                0x000000000800818c                USBD_UVC_DataIn
 .text.USBD_UVC_SOF
                0x00000000080082cc       0x2c build/usbd_uvc.o
                0x00000000080082cc                USBD_UVC_SOF
 .text.USBD_UVC_GetHSCfgDesc
                0x00000000080082f8        0xc build/usbd_uvc.o
                0x00000000080082f8                USBD_UVC_GetHSCfgDesc
 .text.USBD_UVC_RegisterCamera
                0x0000000008008304        0xc build/usbd_uvc.o
                0x0000000008008304                USBD_UVC_RegisterCamera
 .text.UVC_Req_GetCurrent
                0x0000000008008310       0x28 build/usbd_uvc.o
                0x0000000008008310                UVC_Req_GetCurrent
 .text.UVC_Req_SetCurrent
                0x0000000008008338       0x28 build/usbd_uvc.o
                0x0000000008008338                UVC_Req_SetCurrent
 .text.USBD_UVC_Setup
                0x0000000008008360       0x90 build/usbd_uvc.o
                0x0000000008008360                USBD_UVC_Setup
 .text.Camera_On
                0x00000000080083f0        0x4 build/usbd_uvc_if.o
                0x00000000080083f0                Camera_On
 .text.Camera_FreeFrame
                0x00000000080083f4        0x4 build/usbd_uvc_if.o
                0x00000000080083f4                Camera_FreeFrame
 .text.Camera_GetFrame
                0x00000000080083f8       0x38 build/usbd_uvc_if.o
                0x00000000080083f8                Camera_GetFrame
 .text.Camera_Off
                0x0000000008008430        0x4 build/usbd_uvc_if.o
                0x0000000008008430                Camera_Off
 .text.MX_RNG_Init
                0x0000000008008434       0x28 build/rng.o
                0x0000000008008434                MX_RNG_Init
 .text.HAL_RNG_MspInit
                0x000000000800845c       0x58 build/rng.o
                0x000000000800845c                HAL_RNG_MspInit
 .text.HAL_RNG_Init
                0x00000000080084b4       0x7c build/stm32h7xx_hal_rng.o
                0x00000000080084b4                HAL_RNG_Init
 .text.MX_DCMI_Init
                0x0000000008008530       0x3c build/dcmi.o
                0x0000000008008530                MX_DCMI_Init
 .text.HAL_DCMI_MspInit
                0x000000000800856c      0x1ac build/dcmi.o
                0x000000000800856c                HAL_DCMI_MspInit
 .text.DCMI_DMAXferCplt
                0x0000000008008718       0x84 build/stm32h7xx_hal_dcmi.o
 .text.HAL_DCMI_Init
                0x000000000800879c       0xa0 build/stm32h7xx_hal_dcmi.o
                0x000000000800879c                HAL_DCMI_Init
 .text.HAL_DCMI_Start_DMA
                0x000000000800883c      0x10c build/stm32h7xx_hal_dcmi.o
                0x000000000800883c                HAL_DCMI_Start_DMA
 .text.DCMI_DMAError
                0x0000000008008948       0x20 build/stm32h7xx_hal_dcmi.o
 .text.HAL_DCMI_IRQHandler
                0x0000000008008968       0xa0 build/stm32h7xx_hal_dcmi.o
                0x0000000008008968                HAL_DCMI_IRQHandler
 .text.printf_flush
                0x0000000008008a08       0x2c build/retarget.o
                0x0000000008008a08                printf_flush
 .text._write   0x0000000008008a34       0x4c build/retarget.o
                0x0000000008008a34                _write
 .text.Reset_Handler
                0x0000000008008a80       0x50 build/startup_stm32h743xx.o
                0x0000000008008a80                Reset_Handler
 .text.Default_Handler
                0x0000000008008ad0        0x2 build/startup_stm32h743xx.o
                0x0000000008008ad0                RTC_Alarm_IRQHandler
                0x0000000008008ad0                EXTI2_IRQHandler
                0x0000000008008ad0                TIM8_CC_IRQHandler
                0x0000000008008ad0                HRTIM1_Master_IRQHandler
                0x0000000008008ad0                UART8_IRQHandler
                0x0000000008008ad0                SPI4_IRQHandler
                0x0000000008008ad0                TIM1_CC_IRQHandler
                0x0000000008008ad0                BDMA_Channel6_IRQHandler
                0x0000000008008ad0                DMA2_Stream5_IRQHandler
                0x0000000008008ad0                HRTIM1_FLT_IRQHandler
                0x0000000008008ad0                JPEG_IRQHandler
                0x0000000008008ad0                DMA1_Stream5_IRQHandler
                0x0000000008008ad0                BDMA_Channel1_IRQHandler
                0x0000000008008ad0                HRTIM1_TIMD_IRQHandler
                0x0000000008008ad0                TAMP_STAMP_IRQHandler
                0x0000000008008ad0                EXTI3_IRQHandler
                0x0000000008008ad0                LPTIM4_IRQHandler
                0x0000000008008ad0                TIM8_TRG_COM_TIM14_IRQHandler
                0x0000000008008ad0                LPTIM2_IRQHandler
                0x0000000008008ad0                DFSDM1_FLT1_IRQHandler
                0x0000000008008ad0                DMAMUX2_OVR_IRQHandler
                0x0000000008008ad0                TIM8_UP_TIM13_IRQHandler
                0x0000000008008ad0                I2C3_ER_IRQHandler
                0x0000000008008ad0                DFSDM1_FLT2_IRQHandler
                0x0000000008008ad0                MDMA_IRQHandler
                0x0000000008008ad0                LPTIM3_IRQHandler
                0x0000000008008ad0                HSEM1_IRQHandler
                0x0000000008008ad0                EXTI0_IRQHandler
                0x0000000008008ad0                I2C2_EV_IRQHandler
                0x0000000008008ad0                FPU_IRQHandler
                0x0000000008008ad0                OTG_HS_WKUP_IRQHandler
                0x0000000008008ad0                FDCAN1_IT1_IRQHandler
                0x0000000008008ad0                LTDC_ER_IRQHandler
                0x0000000008008ad0                DMA2_Stream2_IRQHandler
                0x0000000008008ad0                HRTIM1_TIME_IRQHandler
                0x0000000008008ad0                SPI1_IRQHandler
                0x0000000008008ad0                TIM6_DAC_IRQHandler
                0x0000000008008ad0                HRTIM1_TIMC_IRQHandler
                0x0000000008008ad0                DMA2_Stream3_IRQHandler
                0x0000000008008ad0                SAI2_IRQHandler
                0x0000000008008ad0                DFSDM1_FLT3_IRQHandler
                0x0000000008008ad0                USART6_IRQHandler
                0x0000000008008ad0                TIM17_IRQHandler
                0x0000000008008ad0                BDMA_Channel7_IRQHandler
                0x0000000008008ad0                LPTIM5_IRQHandler
                0x0000000008008ad0                UART5_IRQHandler
                0x0000000008008ad0                ADC3_IRQHandler
                0x0000000008008ad0                DMA2_Stream0_IRQHandler
                0x0000000008008ad0                TIM4_IRQHandler
                0x0000000008008ad0                BDMA_Channel2_IRQHandler
                0x0000000008008ad0                QUADSPI_IRQHandler
                0x0000000008008ad0                I2C1_EV_IRQHandler
                0x0000000008008ad0                DMA1_Stream6_IRQHandler
                0x0000000008008ad0                DMAMUX1_OVR_IRQHandler
                0x0000000008008ad0                TIM16_IRQHandler
                0x0000000008008ad0                UART4_IRQHandler
                0x0000000008008ad0                BDMA_Channel5_IRQHandler
                0x0000000008008ad0                TIM3_IRQHandler
                0x0000000008008ad0                RCC_IRQHandler
                0x0000000008008ad0                TIM8_BRK_TIM12_IRQHandler
                0x0000000008008ad0                TIM1_TRG_COM_IRQHandler
                0x0000000008008ad0                Default_Handler
                0x0000000008008ad0                ECC_IRQHandler
                0x0000000008008ad0                CEC_IRQHandler
                0x0000000008008ad0                EXTI15_10_IRQHandler
                0x0000000008008ad0                BDMA_Channel0_IRQHandler
                0x0000000008008ad0                ADC_IRQHandler
                0x0000000008008ad0                DMA1_Stream7_IRQHandler
                0x0000000008008ad0                HRTIM1_TIMA_IRQHandler
                0x0000000008008ad0                SPI5_IRQHandler
                0x0000000008008ad0                TIM7_IRQHandler
                0x0000000008008ad0                SDMMC1_IRQHandler
                0x0000000008008ad0                TIM5_IRQHandler
                0x0000000008008ad0                DMA2_Stream7_IRQHandler
                0x0000000008008ad0                TIM15_IRQHandler
                0x0000000008008ad0                PVD_AVD_IRQHandler
                0x0000000008008ad0                I2C3_EV_IRQHandler
                0x0000000008008ad0                EXTI9_5_IRQHandler
                0x0000000008008ad0                RTC_WKUP_IRQHandler
                0x0000000008008ad0                LTDC_IRQHandler
                0x0000000008008ad0                SAI3_IRQHandler
                0x0000000008008ad0                ETH_WKUP_IRQHandler
                0x0000000008008ad0                SPDIF_RX_IRQHandler
                0x0000000008008ad0                SPI2_IRQHandler
                0x0000000008008ad0                OTG_HS_EP1_IN_IRQHandler
                0x0000000008008ad0                CRS_IRQHandler
                0x0000000008008ad0                EXTI4_IRQHandler
                0x0000000008008ad0                RNG_IRQHandler
                0x0000000008008ad0                HRTIM1_TIMB_IRQHandler
                0x0000000008008ad0                FDCAN2_IT1_IRQHandler
                0x0000000008008ad0                ETH_IRQHandler
                0x0000000008008ad0                TIM1_UP_IRQHandler
                0x0000000008008ad0                BDMA_Channel4_IRQHandler
                0x0000000008008ad0                OTG_HS_EP1_OUT_IRQHandler
                0x0000000008008ad0                WWDG_IRQHandler
                0x0000000008008ad0                SPI6_IRQHandler
                0x0000000008008ad0                MDIOS_IRQHandler
                0x0000000008008ad0                I2C4_EV_IRQHandler
                0x0000000008008ad0                FDCAN2_IT0_IRQHandler
                0x0000000008008ad0                LPUART1_IRQHandler
                0x0000000008008ad0                FDCAN1_IT0_IRQHandler
                0x0000000008008ad0                TIM2_IRQHandler
                0x0000000008008ad0                OTG_FS_WKUP_IRQHandler
                0x0000000008008ad0                DMA2D_IRQHandler
                0x0000000008008ad0                TIM1_BRK_IRQHandler
                0x0000000008008ad0                EXTI1_IRQHandler
                0x0000000008008ad0                SDMMC2_IRQHandler
                0x0000000008008ad0                OTG_FS_EP1_OUT_IRQHandler
                0x0000000008008ad0                BDMA_Channel3_IRQHandler
                0x0000000008008ad0                UART7_IRQHandler
                0x0000000008008ad0                MDIOS_WKUP_IRQHandler
                0x0000000008008ad0                USART2_IRQHandler
                0x0000000008008ad0                DFSDM1_FLT0_IRQHandler
                0x0000000008008ad0                SAI4_IRQHandler
                0x0000000008008ad0                I2C2_ER_IRQHandler
                0x0000000008008ad0                DMA2_Stream1_IRQHandler
                0x0000000008008ad0                FLASH_IRQHandler
                0x0000000008008ad0                DMA2_Stream4_IRQHandler
                0x0000000008008ad0                USART1_IRQHandler
                0x0000000008008ad0                SPI3_IRQHandler
                0x0000000008008ad0                WAKEUP_PIN_IRQHandler
                0x0000000008008ad0                DMA1_Stream4_IRQHandler
                0x0000000008008ad0                OTG_FS_EP1_IN_IRQHandler
                0x0000000008008ad0                I2C1_ER_IRQHandler
                0x0000000008008ad0                FMC_IRQHandler
                0x0000000008008ad0                FDCAN_CAL_IRQHandler
                0x0000000008008ad0                SWPMI1_IRQHandler
                0x0000000008008ad0                COMP1_IRQHandler
                0x0000000008008ad0                LPTIM1_IRQHandler
                0x0000000008008ad0                I2C4_ER_IRQHandler
                0x0000000008008ad0                DMA2_Stream6_IRQHandler
                0x0000000008008ad0                SAI1_IRQHandler
                0x0000000008008ad0                DMA1_Stream3_IRQHandler
 *fill*         0x0000000008008ad2        0x2 
 .text.__libc_init_array
                0x0000000008008ad4       0x48 c:/arm_tool/gcc/bin/../lib/gcc/arm-none-eabi/8.2.1/../../../../arm-none-eabi/lib/thumb/v7e-m+dp/hard\libc_nano.a(lib_a-init.o)
                0x0000000008008ad4                __libc_init_array
 .text.memset   0x0000000008008b1c       0x10 c:/arm_tool/gcc/bin/../lib/gcc/arm-none-eabi/8.2.1/../../../../arm-none-eabi/lib/thumb/v7e-m+dp/hard\libc_nano.a(lib_a-memset.o)
                0x0000000008008b1c                memset
 .text.__cvt    0x0000000008008b2c       0xa4 c:/arm_tool/gcc/bin/../lib/gcc/arm-none-eabi/8.2.1/../../../../arm-none-eabi/lib/thumb/v7e-m+dp/hard\libc_nano.a(lib_a-nano-vfprintf_float.o)
                0x0000000008008b2c                __cvt
 .text.__exponent
                0x0000000008008bd0       0x64 c:/arm_tool/gcc/bin/../lib/gcc/arm-none-eabi/8.2.1/../../../../arm-none-eabi/lib/thumb/v7e-m+dp/hard\libc_nano.a(lib_a-nano-vfprintf_float.o)
                0x0000000008008bd0                __exponent
 *fill*         0x0000000008008c34        0x4 
 .text._printf_float
                0x0000000008008c38      0x43c c:/arm_tool/gcc/bin/../lib/gcc/arm-none-eabi/8.2.1/../../../../arm-none-eabi/lib/thumb/v7e-m+dp/hard\libc_nano.a(lib_a-nano-vfprintf_float.o)
                0x0000000008008c38                _printf_float
 .text._printf_common
                0x0000000008009074       0xea c:/arm_tool/gcc/bin/../lib/gcc/arm-none-eabi/8.2.1/../../../../arm-none-eabi/lib/thumb/v7e-m+dp/hard\libc_nano.a(lib_a-nano-vfprintf_i.o)
                0x0000000008009074                _printf_common
 *fill*         0x000000000800915e        0x2 
 .text._printf_i
                0x0000000008009160      0x228 c:/arm_tool/gcc/bin/../lib/gcc/arm-none-eabi/8.2.1/../../../../arm-none-eabi/lib/thumb/v7e-m+dp/hard\libc_nano.a(lib_a-nano-vfprintf_i.o)
                0x0000000008009160                _printf_i
 .text.printf   0x0000000008009388       0x30 c:/arm_tool/gcc/bin/../lib/gcc/arm-none-eabi/8.2.1/../../../../arm-none-eabi/lib/thumb/v7e-m+dp/hard\libc_nano.a(lib_a-printf.o)
                0x0000000008009388                iprintf
                0x0000000008009388                printf
 .text._puts_r  0x00000000080093b8       0xdc c:/arm_tool/gcc/bin/../lib/gcc/arm-none-eabi/8.2.1/../../../../arm-none-eabi/lib/thumb/v7e-m+dp/hard\libc_nano.a(lib_a-puts.o)
                0x00000000080093b8                _puts_r
 .text.puts     0x0000000008009494       0x10 c:/arm_tool/gcc/bin/../lib/gcc/arm-none-eabi/8.2.1/../../../../arm-none-eabi/lib/thumb/v7e-m+dp/hard\libc_nano.a(lib_a-puts.o)
                0x0000000008009494                puts
 .text.__swbuf_r
                0x00000000080094a4       0xa4 c:/arm_tool/gcc/bin/../lib/gcc/arm-none-eabi/8.2.1/../../../../arm-none-eabi/lib/thumb/v7e-m+dp/hard\libc_nano.a(lib_a-wbuf.o)
                0x00000000080094a4                __swbuf_r
 .text.__swsetup_r
                0x0000000008009548       0xdc c:/arm_tool/gcc/bin/../lib/gcc/arm-none-eabi/8.2.1/../../../../arm-none-eabi/lib/thumb/v7e-m+dp/hard\libc_nano.a(lib_a-wsetup.o)
                0x0000000008009548                __swsetup_r
 .text.quorem   0x0000000008009624      0x112 c:/arm_tool/gcc/bin/../lib/gcc/arm-none-eabi/8.2.1/../../../../arm-none-eabi/lib/thumb/v7e-m+dp/hard\libc_nano.a(lib_a-dtoa.o)
 *fill*         0x0000000008009736        0x2 
 .text._dtoa_r  0x0000000008009738      0xa70 c:/arm_tool/gcc/bin/../lib/gcc/arm-none-eabi/8.2.1/../../../../arm-none-eabi/lib/thumb/v7e-m+dp/hard\libc_nano.a(lib_a-dtoa.o)
                0x0000000008009738                _dtoa_r
 .text.__sflush_r
                0x000000000800a1a8      0x10c c:/arm_tool/gcc/bin/../lib/gcc/arm-none-eabi/8.2.1/../../../../arm-none-eabi/lib/thumb/v7e-m+dp/hard\libc_nano.a(lib_a-fflush.o)
                0x000000000800a1a8                __sflush_r
 .text._fflush_r
                0x000000000800a2b4       0x78 c:/arm_tool/gcc/bin/../lib/gcc/arm-none-eabi/8.2.1/../../../../arm-none-eabi/lib/thumb/v7e-m+dp/hard\libc_nano.a(lib_a-fflush.o)
                0x000000000800a2b4                _fflush_r
 .text.std      0x000000000800a32c       0x48 c:/arm_tool/gcc/bin/../lib/gcc/arm-none-eabi/8.2.1/../../../../arm-none-eabi/lib/thumb/v7e-m+dp/hard\libc_nano.a(lib_a-findfp.o)
 .text._cleanup_r
                0x000000000800a374        0xc c:/arm_tool/gcc/bin/../lib/gcc/arm-none-eabi/8.2.1/../../../../arm-none-eabi/lib/thumb/v7e-m+dp/hard\libc_nano.a(lib_a-findfp.o)
                0x000000000800a374                _cleanup_r
 .text.__sfmoreglue
                0x000000000800a380       0x2c c:/arm_tool/gcc/bin/../lib/gcc/arm-none-eabi/8.2.1/../../../../arm-none-eabi/lib/thumb/v7e-m+dp/hard\libc_nano.a(lib_a-findfp.o)
                0x000000000800a380                __sfmoreglue
 .text.__sfp_lock_acquire
                0x000000000800a3ac        0xc c:/arm_tool/gcc/bin/../lib/gcc/arm-none-eabi/8.2.1/../../../../arm-none-eabi/lib/thumb/v7e-m+dp/hard\libc_nano.a(lib_a-findfp.o)
                0x000000000800a3ac                __sfp_lock_acquire
 .text.__sfp_lock_release
                0x000000000800a3b8        0xc c:/arm_tool/gcc/bin/../lib/gcc/arm-none-eabi/8.2.1/../../../../arm-none-eabi/lib/thumb/v7e-m+dp/hard\libc_nano.a(lib_a-findfp.o)
                0x000000000800a3b8                __sfp_lock_release
 .text.__sinit_lock_acquire
                0x000000000800a3c4        0xc c:/arm_tool/gcc/bin/../lib/gcc/arm-none-eabi/8.2.1/../../../../arm-none-eabi/lib/thumb/v7e-m+dp/hard\libc_nano.a(lib_a-findfp.o)
                0x000000000800a3c4                __sinit_lock_acquire
 .text.__sinit_lock_release
                0x000000000800a3d0        0xc c:/arm_tool/gcc/bin/../lib/gcc/arm-none-eabi/8.2.1/../../../../arm-none-eabi/lib/thumb/v7e-m+dp/hard\libc_nano.a(lib_a-findfp.o)
                0x000000000800a3d0                __sinit_lock_release
 .text.__sinit  0x000000000800a3dc       0x70 c:/arm_tool/gcc/bin/../lib/gcc/arm-none-eabi/8.2.1/../../../../arm-none-eabi/lib/thumb/v7e-m+dp/hard\libc_nano.a(lib_a-findfp.o)
                0x000000000800a3dc                __sinit
 .text.__sfp    0x000000000800a44c       0x8c c:/arm_tool/gcc/bin/../lib/gcc/arm-none-eabi/8.2.1/../../../../arm-none-eabi/lib/thumb/v7e-m+dp/hard\libc_nano.a(lib_a-findfp.o)
                0x000000000800a44c                __sfp
 .text._fwalk_reent
                0x000000000800a4d8       0x3c c:/arm_tool/gcc/bin/../lib/gcc/arm-none-eabi/8.2.1/../../../../arm-none-eabi/lib/thumb/v7e-m+dp/hard\libc_nano.a(lib_a-fwalk.o)
                0x000000000800a4d8                _fwalk_reent
 .text._localeconv_r
                0x000000000800a514        0x8 c:/arm_tool/gcc/bin/../lib/gcc/arm-none-eabi/8.2.1/../../../../arm-none-eabi/lib/thumb/v7e-m+dp/hard\libc_nano.a(lib_a-localeconv.o)
                0x000000000800a514                _localeconv_r
 .text.__retarget_lock_init_recursive
                0x000000000800a51c        0x2 c:/arm_tool/gcc/bin/../lib/gcc/arm-none-eabi/8.2.1/../../../../arm-none-eabi/lib/thumb/v7e-m+dp/hard\libc_nano.a(lib_a-lock.o)
                0x000000000800a51c                __retarget_lock_init_recursive
 .text.__retarget_lock_acquire_recursive
                0x000000000800a51e        0x2 c:/arm_tool/gcc/bin/../lib/gcc/arm-none-eabi/8.2.1/../../../../arm-none-eabi/lib/thumb/v7e-m+dp/hard\libc_nano.a(lib_a-lock.o)
                0x000000000800a51e                __retarget_lock_acquire_recursive
 .text.__retarget_lock_release_recursive
                0x000000000800a520        0x2 c:/arm_tool/gcc/bin/../lib/gcc/arm-none-eabi/8.2.1/../../../../arm-none-eabi/lib/thumb/v7e-m+dp/hard\libc_nano.a(lib_a-lock.o)
                0x000000000800a520                __retarget_lock_release_recursive
 .text.__swhatbuf_r
                0x000000000800a522       0x48 c:/arm_tool/gcc/bin/../lib/gcc/arm-none-eabi/8.2.1/../../../../arm-none-eabi/lib/thumb/v7e-m+dp/hard\libc_nano.a(lib_a-makebuf.o)
                0x000000000800a522                __swhatbuf_r
 *fill*         0x000000000800a56a        0x2 
 .text.__smakebuf_r
                0x000000000800a56c       0x80 c:/arm_tool/gcc/bin/../lib/gcc/arm-none-eabi/8.2.1/../../../../arm-none-eabi/lib/thumb/v7e-m+dp/hard\libc_nano.a(lib_a-makebuf.o)
                0x000000000800a56c                __smakebuf_r
 .text.malloc   0x000000000800a5ec       0x10 c:/arm_tool/gcc/bin/../lib/gcc/arm-none-eabi/8.2.1/../../../../arm-none-eabi/lib/thumb/v7e-m+dp/hard\libc_nano.a(lib_a-malloc.o)
                0x000000000800a5ec                malloc
 .text.memcpy   0x000000000800a5fc       0x1c c:/arm_tool/gcc/bin/../lib/gcc/arm-none-eabi/8.2.1/../../../../arm-none-eabi/lib/thumb/v7e-m+dp/hard\libc_nano.a(lib_a-memcpy-stub.o)
                0x000000000800a5fc                memcpy
 .text._Balloc  0x000000000800a618       0x68 c:/arm_tool/gcc/bin/../lib/gcc/arm-none-eabi/8.2.1/../../../../arm-none-eabi/lib/thumb/v7e-m+dp/hard\libc_nano.a(lib_a-mprec.o)
                0x000000000800a618                _Balloc
 .text._Bfree   0x000000000800a680       0x2e c:/arm_tool/gcc/bin/../lib/gcc/arm-none-eabi/8.2.1/../../../../arm-none-eabi/lib/thumb/v7e-m+dp/hard\libc_nano.a(lib_a-mprec.o)
                0x000000000800a680                _Bfree
 .text.__multadd
                0x000000000800a6ae       0x76 c:/arm_tool/gcc/bin/../lib/gcc/arm-none-eabi/8.2.1/../../../../arm-none-eabi/lib/thumb/v7e-m+dp/hard\libc_nano.a(lib_a-mprec.o)
                0x000000000800a6ae                __multadd
 .text.__hi0bits
                0x000000000800a724       0x40 c:/arm_tool/gcc/bin/../lib/gcc/arm-none-eabi/8.2.1/../../../../arm-none-eabi/lib/thumb/v7e-m+dp/hard\libc_nano.a(lib_a-mprec.o)
                0x000000000800a724                __hi0bits
 .text.__lo0bits
                0x000000000800a764       0x60 c:/arm_tool/gcc/bin/../lib/gcc/arm-none-eabi/8.2.1/../../../../arm-none-eabi/lib/thumb/v7e-m+dp/hard\libc_nano.a(lib_a-mprec.o)
                0x000000000800a764                __lo0bits
 .text.__i2b    0x000000000800a7c4       0x12 c:/arm_tool/gcc/bin/../lib/gcc/arm-none-eabi/8.2.1/../../../../arm-none-eabi/lib/thumb/v7e-m+dp/hard\libc_nano.a(lib_a-mprec.o)
                0x000000000800a7c4                __i2b
 .text.__multiply
                0x000000000800a7d6      0x120 c:/arm_tool/gcc/bin/../lib/gcc/arm-none-eabi/8.2.1/../../../../arm-none-eabi/lib/thumb/v7e-m+dp/hard\libc_nano.a(lib_a-mprec.o)
                0x000000000800a7d6                __multiply
 *fill*         0x000000000800a8f6        0x2 
 .text.__pow5mult
                0x000000000800a8f8       0x9c c:/arm_tool/gcc/bin/../lib/gcc/arm-none-eabi/8.2.1/../../../../arm-none-eabi/lib/thumb/v7e-m+dp/hard\libc_nano.a(lib_a-mprec.o)
                0x000000000800a8f8                __pow5mult
 .text.__lshift
                0x000000000800a994       0xa6 c:/arm_tool/gcc/bin/../lib/gcc/arm-none-eabi/8.2.1/../../../../arm-none-eabi/lib/thumb/v7e-m+dp/hard\libc_nano.a(lib_a-mprec.o)
                0x000000000800a994                __lshift
 .text.__mcmp   0x000000000800aa3a       0x34 c:/arm_tool/gcc/bin/../lib/gcc/arm-none-eabi/8.2.1/../../../../arm-none-eabi/lib/thumb/v7e-m+dp/hard\libc_nano.a(lib_a-mprec.o)
                0x000000000800aa3a                __mcmp
 .text.__mdiff  0x000000000800aa6e       0xba c:/arm_tool/gcc/bin/../lib/gcc/arm-none-eabi/8.2.1/../../../../arm-none-eabi/lib/thumb/v7e-m+dp/hard\libc_nano.a(lib_a-mprec.o)
                0x000000000800aa6e                __mdiff
 .text.__d2b    0x000000000800ab28       0x9c c:/arm_tool/gcc/bin/../lib/gcc/arm-none-eabi/8.2.1/../../../../arm-none-eabi/lib/thumb/v7e-m+dp/hard\libc_nano.a(lib_a-mprec.o)
                0x000000000800ab28                __d2b
 .text._calloc_r
                0x000000000800abc4       0x1c c:/arm_tool/gcc/bin/../lib/gcc/arm-none-eabi/8.2.1/../../../../arm-none-eabi/lib/thumb/v7e-m+dp/hard\libc_nano.a(lib_a-nano-callocr.o)
                0x000000000800abc4                _calloc_r
 .text._free_r  0x000000000800abe0       0x9c c:/arm_tool/gcc/bin/../lib/gcc/arm-none-eabi/8.2.1/../../../../arm-none-eabi/lib/thumb/v7e-m+dp/hard\libc_nano.a(lib_a-nano-freer.o)
                0x000000000800abe0                _free_r
 .text._malloc_r
                0x000000000800ac7c       0xb4 c:/arm_tool/gcc/bin/../lib/gcc/arm-none-eabi/8.2.1/../../../../arm-none-eabi/lib/thumb/v7e-m+dp/hard\libc_nano.a(lib_a-nano-mallocr.o)
                0x000000000800ac7c                _malloc_r
 .text.__sfputc_r
                0x000000000800ad30       0x2e c:/arm_tool/gcc/bin/../lib/gcc/arm-none-eabi/8.2.1/../../../../arm-none-eabi/lib/thumb/v7e-m+dp/hard\libc_nano.a(lib_a-nano-vfprintf.o)
 .text.__sfputs_r
                0x000000000800ad5e       0x24 c:/arm_tool/gcc/bin/../lib/gcc/arm-none-eabi/8.2.1/../../../../arm-none-eabi/lib/thumb/v7e-m+dp/hard\libc_nano.a(lib_a-nano-vfprintf.o)
                0x000000000800ad5e                __sfputs_r
 *fill*         0x000000000800ad82        0x2 
 .text._vfprintf_r
                0x000000000800ad84      0x250 c:/arm_tool/gcc/bin/../lib/gcc/arm-none-eabi/8.2.1/../../../../arm-none-eabi/lib/thumb/v7e-m+dp/hard\libc_nano.a(lib_a-nano-vfprintf.o)
                0x000000000800ad84                _vfprintf_r
                0x000000000800ad84                _vfiprintf_r
 .text._sbrk_r  0x000000000800afd4       0x20 c:/arm_tool/gcc/bin/../lib/gcc/arm-none-eabi/8.2.1/../../../../arm-none-eabi/lib/thumb/v7e-m+dp/hard\libc_nano.a(lib_a-sbrkr.o)
                0x000000000800afd4                _sbrk_r
 .text.__sread  0x000000000800aff4       0x22 c:/arm_tool/gcc/bin/../lib/gcc/arm-none-eabi/8.2.1/../../../../arm-none-eabi/lib/thumb/v7e-m+dp/hard\libc_nano.a(lib_a-stdio.o)
                0x000000000800aff4                __sread
 .text.__swrite
                0x000000000800b016       0x38 c:/arm_tool/gcc/bin/../lib/gcc/arm-none-eabi/8.2.1/../../../../arm-none-eabi/lib/thumb/v7e-m+dp/hard\libc_nano.a(lib_a-stdio.o)
                0x000000000800b016                __swrite
 .text.__sseek  0x000000000800b04e       0x24 c:/arm_tool/gcc/bin/../lib/gcc/arm-none-eabi/8.2.1/../../../../arm-none-eabi/lib/thumb/v7e-m+dp/hard\libc_nano.a(lib_a-stdio.o)
                0x000000000800b04e                __sseek
 .text.__sclose
                0x000000000800b072        0x8 c:/arm_tool/gcc/bin/../lib/gcc/arm-none-eabi/8.2.1/../../../../arm-none-eabi/lib/thumb/v7e-m+dp/hard\libc_nano.a(lib_a-stdio.o)
                0x000000000800b072                __sclose
 *fill*         0x000000000800b07a        0x2 
 .text._write_r
                0x000000000800b07c       0x24 c:/arm_tool/gcc/bin/../lib/gcc/arm-none-eabi/8.2.1/../../../../arm-none-eabi/lib/thumb/v7e-m+dp/hard\libc_nano.a(lib_a-writer.o)
                0x000000000800b07c                _write_r
 .text._close_r
                0x000000000800b0a0       0x20 c:/arm_tool/gcc/bin/../lib/gcc/arm-none-eabi/8.2.1/../../../../arm-none-eabi/lib/thumb/v7e-m+dp/hard\libc_nano.a(lib_a-closer.o)
                0x000000000800b0a0                _close_r
 .text._fstat_r
                0x000000000800b0c0       0x24 c:/arm_tool/gcc/bin/../lib/gcc/arm-none-eabi/8.2.1/../../../../arm-none-eabi/lib/thumb/v7e-m+dp/hard\libc_nano.a(lib_a-fstatr.o)
                0x000000000800b0c0                _fstat_r
 .text._isatty_r
                0x000000000800b0e4       0x20 c:/arm_tool/gcc/bin/../lib/gcc/arm-none-eabi/8.2.1/../../../../arm-none-eabi/lib/thumb/v7e-m+dp/hard\libc_nano.a(lib_a-isattyr.o)
                0x000000000800b0e4                _isatty_r
 .text._lseek_r
                0x000000000800b104       0x24 c:/arm_tool/gcc/bin/../lib/gcc/arm-none-eabi/8.2.1/../../../../arm-none-eabi/lib/thumb/v7e-m+dp/hard\libc_nano.a(lib_a-lseekr.o)
                0x000000000800b104                _lseek_r
 .text.__ascii_mbtowc
                0x000000000800b128       0x24 c:/arm_tool/gcc/bin/../lib/gcc/arm-none-eabi/8.2.1/../../../../arm-none-eabi/lib/thumb/v7e-m+dp/hard\libc_nano.a(lib_a-mbtowc_r.o)
                0x000000000800b128                __ascii_mbtowc
 .text.__malloc_lock
                0x000000000800b14c        0xc c:/arm_tool/gcc/bin/../lib/gcc/arm-none-eabi/8.2.1/../../../../arm-none-eabi/lib/thumb/v7e-m+dp/hard\libc_nano.a(lib_a-mlock.o)
                0x000000000800b14c                __malloc_lock
 .text.__malloc_unlock
                0x000000000800b158        0xc c:/arm_tool/gcc/bin/../lib/gcc/arm-none-eabi/8.2.1/../../../../arm-none-eabi/lib/thumb/v7e-m+dp/hard\libc_nano.a(lib_a-mlock.o)
                0x000000000800b158                __malloc_unlock
 .text._read_r  0x000000000800b164       0x24 c:/arm_tool/gcc/bin/../lib/gcc/arm-none-eabi/8.2.1/../../../../arm-none-eabi/lib/thumb/v7e-m+dp/hard\libc_nano.a(lib_a-readr.o)
                0x000000000800b164                _read_r
 .text.__ascii_wctomb
                0x000000000800b188       0x1a c:/arm_tool/gcc/bin/../lib/gcc/arm-none-eabi/8.2.1/../../../../arm-none-eabi/lib/thumb/v7e-m+dp/hard\libc_nano.a(lib_a-wctomb_r.o)
                0x000000000800b188                __ascii_wctomb
 *fill*         0x000000000800b1a2        0x2 
 .text._close   0x000000000800b1a4       0x10 c:/arm_tool/gcc/bin/../lib/gcc/arm-none-eabi/8.2.1/../../../../arm-none-eabi/lib/thumb/v7e-m+dp/hard\libnosys.a(close.o)
                0x000000000800b1a4                _close
 .text._fstat   0x000000000800b1b4       0x10 c:/arm_tool/gcc/bin/../lib/gcc/arm-none-eabi/8.2.1/../../../../arm-none-eabi/lib/thumb/v7e-m+dp/hard\libnosys.a(fstat.o)
                0x000000000800b1b4                _fstat
 .text._isatty  0x000000000800b1c4       0x10 c:/arm_tool/gcc/bin/../lib/gcc/arm-none-eabi/8.2.1/../../../../arm-none-eabi/lib/thumb/v7e-m+dp/hard\libnosys.a(isatty.o)
                0x000000000800b1c4                _isatty
 .text._lseek   0x000000000800b1d4       0x10 c:/arm_tool/gcc/bin/../lib/gcc/arm-none-eabi/8.2.1/../../../../arm-none-eabi/lib/thumb/v7e-m+dp/hard\libnosys.a(lseek.o)
                0x000000000800b1d4                _lseek
 .text._read    0x000000000800b1e4       0x10 c:/arm_tool/gcc/bin/../lib/gcc/arm-none-eabi/8.2.1/../../../../arm-none-eabi/lib/thumb/v7e-m+dp/hard\libnosys.a(read.o)
                0x000000000800b1e4                _read
 .text._sbrk    0x000000000800b1f4       0x1c c:/arm_tool/gcc/bin/../lib/gcc/arm-none-eabi/8.2.1/../../../../arm-none-eabi/lib/thumb/v7e-m+dp/hard\libnosys.a(sbrk.o)
                0x000000000800b1f4                _sbrk
 .text.__udivmoddi4
                0x000000000800b210      0x2d0 c:/arm_tool/gcc/bin/../lib/gcc/arm-none-eabi/8.2.1/thumb/v7e-m+dp/hard\libgcc.a(_udivmoddi4.o)
                0x000000000800b210                __udivmoddi4
 *(.glue_7)
 .glue_7        0x000000000800b4e0        0x0 linker stubs
 *(.glue_7t)
 .glue_7t       0x000000000800b4e0        0x0 linker stubs
 *(.eh_frame)
 .eh_frame      0x000000000800b4e0        0x0 c:/arm_tool/gcc/bin/../lib/gcc/arm-none-eabi/8.2.1/thumb/v7e-m+dp/hard/crtbegin.o
 *(.init)
 .init          0x000000000800b4e0        0x4 c:/arm_tool/gcc/bin/../lib/gcc/arm-none-eabi/8.2.1/thumb/v7e-m+dp/hard/crti.o
                0x000000000800b4e0                _init
 .init          0x000000000800b4e4        0x8 c:/arm_tool/gcc/bin/../lib/gcc/arm-none-eabi/8.2.1/thumb/v7e-m+dp/hard/crtn.o
 *(.fini)
 .fini          0x000000000800b4ec        0x4 c:/arm_tool/gcc/bin/../lib/gcc/arm-none-eabi/8.2.1/thumb/v7e-m+dp/hard/crti.o
                0x000000000800b4ec                _fini
 .fini          0x000000000800b4f0        0x8 c:/arm_tool/gcc/bin/../lib/gcc/arm-none-eabi/8.2.1/thumb/v7e-m+dp/hard/crtn.o
                0x000000000800b4f8                . = ALIGN (0x4)
                0x000000000800b4f8                _etext = .

.vfp11_veneer   0x000000000800b4f8        0x0
 .vfp11_veneer  0x000000000800b4f8        0x0 linker stubs

.v4_bx          0x000000000800b4f8        0x0
 .v4_bx         0x000000000800b4f8        0x0 linker stubs

.iplt           0x000000000800b4f8        0x0
 .iplt          0x000000000800b4f8        0x0 c:/arm_tool/gcc/bin/../lib/gcc/arm-none-eabi/8.2.1/thumb/v7e-m+dp/hard/crtbegin.o

.rodata         0x000000000800b4f8      0x468
                0x000000000800b4f8                . = ALIGN (0x4)
 *(.rodata)
 *(.rodata*)
 .rodata.main.str1.4
                0x000000000800b4f8       0xdb build/main.o
 *fill*         0x000000000800b5d3        0x1 
 .rodata.USBD_FS_ConfigStrDescriptor.str1.4
                0x000000000800b5d4        0xb build/usbd_desc.o
 *fill*         0x000000000800b5df        0x1 
 .rodata.USBD_FS_InterfaceStrDescriptor.str1.4
                0x000000000800b5e0        0xe build/usbd_desc.o
 *fill*         0x000000000800b5ee        0x2 
 .rodata.USBD_FS_ManufacturerStrDescriptor.str1.4
                0x000000000800b5f0        0x4 build/usbd_desc.o
 .rodata.USBD_FS_ProductStrDescriptor.str1.4
                0x000000000800b5f4       0x16 build/usbd_desc.o
 *fill*         0x000000000800b60a        0x2 
 .rodata.USBD_HS_InterfaceStrDescriptor.str1.4
                0x000000000800b60c        0x4 build/usbd_desc.o
 .rodata.USBD_HS_ProductStrDescriptor.str1.4
                0x000000000800b610       0x10 build/usbd_desc.o
 .rodata.CSWTCH.8
                0x000000000800b620        0x4 build/usbd_conf.o
 .rodata.flagBitshiftOffset.10959
                0x000000000800b624        0x8 build/stm32h7xx_hal_dma.o
 .rodata.CSWTCH.12
                0x000000000800b62c        0x6 build/stm32h7xx_hal_uart.o
 *fill*         0x000000000800b632        0x2 
 .rodata.CSWTCH.4
                0x000000000800b634       0x29 build/stm32h7xx_hal_uart.o
 *fill*         0x000000000800b65d        0x3 
 .rodata.CSWTCH.5
                0x000000000800b660        0x6 build/stm32h7xx_hal_uart.o
 *fill*         0x000000000800b666        0x2 
 .rodata.UARTPrescTable
                0x000000000800b668       0x18 build/stm32h7xx_hal_uart.o
                0x000000000800b668                UARTPrescTable
 .rodata.denominator.10927
                0x000000000800b680        0x8 build/stm32h7xx_hal_uart_ex.o
 .rodata.numerator.10926
                0x000000000800b688        0x8 build/stm32h7xx_hal_uart_ex.o
 .rodata.D1CorePrescTable
                0x000000000800b690       0x10 build/system_stm32h7xx.o
                0x000000000800b690                D1CorePrescTable
 .rodata._global_impure_ptr
                0x000000000800b6a0        0x4 c:/arm_tool/gcc/bin/../lib/gcc/arm-none-eabi/8.2.1/../../../../arm-none-eabi/lib/thumb/v7e-m+dp/hard\libc_nano.a(lib_a-impure.o)
                0x000000000800b6a0                _global_impure_ptr
 .rodata._printf_float.str1.1
                0x000000000800b6a4       0x12 c:/arm_tool/gcc/bin/../lib/gcc/arm-none-eabi/8.2.1/../../../../arm-none-eabi/lib/thumb/v7e-m+dp/hard\libc_nano.a(lib_a-nano-vfprintf_float.o)
 .rodata._printf_i.str1.1
                0x000000000800b6b6       0x22 c:/arm_tool/gcc/bin/../lib/gcc/arm-none-eabi/8.2.1/../../../../arm-none-eabi/lib/thumb/v7e-m+dp/hard\libc_nano.a(lib_a-nano-vfprintf_i.o)
 .rodata._dtoa_r.str1.1
                0x000000000800b6d8        0xd c:/arm_tool/gcc/bin/../lib/gcc/arm-none-eabi/8.2.1/../../../../arm-none-eabi/lib/thumb/v7e-m+dp/hard\libc_nano.a(lib_a-dtoa.o)
                                          0xf (size before relaxing)
 *fill*         0x000000000800b6e5        0x3 
 .rodata.__sf_fake_stderr
                0x000000000800b6e8       0x20 c:/arm_tool/gcc/bin/../lib/gcc/arm-none-eabi/8.2.1/../../../../arm-none-eabi/lib/thumb/v7e-m+dp/hard\libc_nano.a(lib_a-findfp.o)
                0x000000000800b6e8                __sf_fake_stderr
 .rodata.__sf_fake_stdin
                0x000000000800b708       0x20 c:/arm_tool/gcc/bin/../lib/gcc/arm-none-eabi/8.2.1/../../../../arm-none-eabi/lib/thumb/v7e-m+dp/hard\libc_nano.a(lib_a-findfp.o)
                0x000000000800b708                __sf_fake_stdin
 .rodata.__sf_fake_stdout
                0x000000000800b728       0x20 c:/arm_tool/gcc/bin/../lib/gcc/arm-none-eabi/8.2.1/../../../../arm-none-eabi/lib/thumb/v7e-m+dp/hard\libc_nano.a(lib_a-findfp.o)
                0x000000000800b728                __sf_fake_stdout
 .rodata.__mprec_bigtens
                0x000000000800b748       0x28 c:/arm_tool/gcc/bin/../lib/gcc/arm-none-eabi/8.2.1/../../../../arm-none-eabi/lib/thumb/v7e-m+dp/hard\libc_nano.a(lib_a-mprec.o)
                0x000000000800b748                __mprec_bigtens
 .rodata.__mprec_tens
                0x000000000800b770       0xc8 c:/arm_tool/gcc/bin/../lib/gcc/arm-none-eabi/8.2.1/../../../../arm-none-eabi/lib/thumb/v7e-m+dp/hard\libc_nano.a(lib_a-mprec.o)
                0x000000000800b770                __mprec_tens
 .rodata.p05.7454
                0x000000000800b838        0xc c:/arm_tool/gcc/bin/../lib/gcc/arm-none-eabi/8.2.1/../../../../arm-none-eabi/lib/thumb/v7e-m+dp/hard\libc_nano.a(lib_a-mprec.o)
 .rodata._vfprintf_r.str1.1
                0x000000000800b844       0x11 c:/arm_tool/gcc/bin/../lib/gcc/arm-none-eabi/8.2.1/../../../../arm-none-eabi/lib/thumb/v7e-m+dp/hard\libc_nano.a(lib_a-nano-vfprintf.o)
 .rodata._setlocale_r.str1.1
                0x000000000800b855        0x8 c:/arm_tool/gcc/bin/../lib/gcc/arm-none-eabi/8.2.1/../../../../arm-none-eabi/lib/thumb/v7e-m+dp/hard\libc_nano.a(lib_a-locale.o)
                                          0x9 (size before relaxing)
 .rodata.str1.1
                0x000000000800b85d        0x2 c:/arm_tool/gcc/bin/../lib/gcc/arm-none-eabi/8.2.1/../../../../arm-none-eabi/lib/thumb/v7e-m+dp/hard\libc_nano.a(lib_a-locale.o)
 .rodata._ctype_
                0x000000000800b85f      0x101 c:/arm_tool/gcc/bin/../lib/gcc/arm-none-eabi/8.2.1/../../../../arm-none-eabi/lib/thumb/v7e-m+dp/hard\libc_nano.a(lib_a-ctype_.o)
                0x000000000800b85f                _ctype_
                0x000000000800b960                . = ALIGN (0x4)

.ARM.extab
 *(.ARM.extab* .gnu.linkonce.armextab.*)

.ARM            0x000000000800b960        0x8
                0x000000000800b960                __exidx_start = .
 *(.ARM.exidx*)
 .ARM.exidx.text.__udivmoddi4
                0x000000000800b960        0x8 c:/arm_tool/gcc/bin/../lib/gcc/arm-none-eabi/8.2.1/thumb/v7e-m+dp/hard\libgcc.a(_udivmoddi4.o)
                0x000000000800b968                __exidx_end = .

.rel.dyn        0x000000000800b968        0x0
 .rel.iplt      0x000000000800b968        0x0 c:/arm_tool/gcc/bin/../lib/gcc/arm-none-eabi/8.2.1/thumb/v7e-m+dp/hard/crtbegin.o

.preinit_array  0x000000000800b968        0x0
                0x000000000800b968                PROVIDE (__preinit_array_start = .)
 *(.preinit_array*)
                0x000000000800b968                PROVIDE (__preinit_array_end = .)

.init_array     0x000000000800b968        0x4
                0x000000000800b968                PROVIDE (__init_array_start = .)
 *(SORT_BY_NAME(.init_array.*))
 *(.init_array*)
 .init_array    0x000000000800b968        0x4 c:/arm_tool/gcc/bin/../lib/gcc/arm-none-eabi/8.2.1/thumb/v7e-m+dp/hard/crtbegin.o
                0x000000000800b96c                PROVIDE (__init_array_end = .)

.fini_array     0x000000000800b96c        0x4
                [!provide]                        PROVIDE (__fini_array_start = .)
 *(SORT_BY_NAME(.fini_array.*))
 *(.fini_array*)
 .fini_array    0x000000000800b96c        0x4 c:/arm_tool/gcc/bin/../lib/gcc/arm-none-eabi/8.2.1/thumb/v7e-m+dp/hard/crtbegin.o
                [!provide]                        PROVIDE (__fini_array_end = .)
                0x000000000800b970                _sidata = LOADADDR (.data)

.data           0x0000000020000000      0x4c8 load address 0x000000000800b970
                0x0000000020000000                . = ALIGN (0x4)
                0x0000000020000000                _sdata = .
 *(.data)
 *(.data*)
 .data.pal_b    0x0000000020000000        0x1 build/main.o
                0x0000000020000000                pal_b
 .data.pal_g    0x0000000020000001        0x1 build/main.o
                0x0000000020000001                pal_g
 .data.pal_ib   0x0000000020000002        0x1 build/main.o
                0x0000000020000002                pal_ib
 .data.pal_ig   0x0000000020000003        0x1 build/main.o
                0x0000000020000003                pal_ig
 .data.pal_ir   0x0000000020000004        0x1 build/main.o
                0x0000000020000004                pal_ir
 .data.pal_r    0x0000000020000005        0x1 build/main.o
                0x0000000020000005                pal_r
 *fill*         0x0000000020000006        0x2 
 .data.FS_Desc  0x0000000020000008       0x1c build/usbd_desc.o
                0x0000000020000008                FS_Desc
 .data.HS_Desc  0x0000000020000024       0x1c build/usbd_desc.o
                0x0000000020000024                HS_Desc
 .data.USBD_FS_DeviceDesc
                0x0000000020000040       0x12 build/usbd_desc.o
                0x0000000020000040                USBD_FS_DeviceDesc
 *fill*         0x0000000020000052        0x2 
 .data.USBD_HS_DeviceDesc
                0x0000000020000054       0x12 build/usbd_desc.o
                0x0000000020000054                USBD_HS_DeviceDesc
 *fill*         0x0000000020000066        0x2 
 .data.USBD_LangIDDesc
                0x0000000020000068        0x4 build/usbd_desc.o
                0x0000000020000068                USBD_LangIDDesc
 .data.USBD_StringSerial
                0x000000002000006c       0x1a build/usbd_desc.o
                0x000000002000006c                USBD_StringSerial
 *fill*         0x0000000020000086        0x2 
 .data.USBD_Interface_fops_FS
                0x0000000020000088       0x14 build/usbd_cdc_if.o
                0x0000000020000088                USBD_Interface_fops_FS
 .data.uwTickFreq
                0x000000002000009c        0x1 build/stm32h7xx_hal.o
                0x000000002000009c                uwTickFreq
 *fill*         0x000000002000009d        0x3 
 .data.uwTickPrio
                0x00000000200000a0        0x4 build/stm32h7xx_hal.o
                0x00000000200000a0                uwTickPrio
 .data.SystemCoreClock
                0x00000000200000a4        0x4 build/system_stm32h7xx.o
                0x00000000200000a4                SystemCoreClock
 .data.SystemD2Clock
                0x00000000200000a8        0x4 build/system_stm32h7xx.o
                0x00000000200000a8                SystemD2Clock
 .data.USBD_CDC
                0x00000000200000ac       0x38 build/usbd_cdc.o
                0x00000000200000ac                USBD_CDC
 .data.USBD_CDC_CfgFSDesc
                0x00000000200000e4       0x43 build/usbd_cdc.o
 *fill*         0x0000000020000127        0x1 
 .data.USBD_CDC_CfgHSDesc
                0x0000000020000128       0x43 build/usbd_cdc.o
 *fill*         0x000000002000016b        0x1 
 .data.USBD_CDC_DeviceQualifierDesc
                0x000000002000016c        0xa build/usbd_cdc.o
 *fill*         0x0000000020000176        0x2 
 .data.USBD_CDC_OtherSpeedCfgDesc
                0x0000000020000178       0x43 build/usbd_cdc.o
 *fill*         0x00000000200001bb        0x1 
 .data.USBD_UVC
                0x00000000200001bc       0x38 build/usbd_uvc.o
                0x00000000200001bc                USBD_UVC
 .data.USBD_UVC_CfgFSDesc
                0x00000000200001f4       0xa7 build/usbd_uvc.o
                0x00000000200001f4                USBD_UVC_CfgFSDesc
 *fill*         0x000000002000029b        0x1 
 .data.videoCommitControl
                0x000000002000029c       0x22 build/usbd_uvc.o
                0x000000002000029c                videoCommitControl
 *fill*         0x00000000200002be        0x2 
 .data.videoProbeControl
                0x00000000200002c0       0x22 build/usbd_uvc.o
                0x00000000200002c0                videoProbeControl
 *fill*         0x00000000200002e2        0x2 
 .data.USBD_UVC_Camera
                0x00000000200002e4       0x10 build/usbd_uvc_if.o
                0x00000000200002e4                USBD_UVC_Camera
 .data.uvc_wait_cnt
                0x00000000200002f4        0x4 build/usbd_uvc_if.o
                0x00000000200002f4                uvc_wait_cnt
 .data._impure_ptr
                0x00000000200002f8        0x4 c:/arm_tool/gcc/bin/../lib/gcc/arm-none-eabi/8.2.1/../../../../arm-none-eabi/lib/thumb/v7e-m+dp/hard\libc_nano.a(lib_a-impure.o)
                0x00000000200002f8                _impure_ptr
 .data.impure_data
                0x00000000200002fc       0x60 c:/arm_tool/gcc/bin/../lib/gcc/arm-none-eabi/8.2.1/../../../../arm-none-eabi/lib/thumb/v7e-m+dp/hard\libc_nano.a(lib_a-impure.o)
 .data.__global_locale
                0x000000002000035c      0x16c c:/arm_tool/gcc/bin/../lib/gcc/arm-none-eabi/8.2.1/../../../../arm-none-eabi/lib/thumb/v7e-m+dp/hard\libc_nano.a(lib_a-locale.o)
                0x000000002000035c                __global_locale
                0x00000000200004c8                . = ALIGN (0x4)
                0x00000000200004c8                _edata = .

.tm_clone_table
                0x00000000200004c8        0x0 load address 0x000000000800be38
 .tm_clone_table
                0x00000000200004c8        0x0 c:/arm_tool/gcc/bin/../lib/gcc/arm-none-eabi/8.2.1/thumb/v7e-m+dp/hard/crtbegin.o
 .tm_clone_table
                0x00000000200004c8        0x0 c:/arm_tool/gcc/bin/../lib/gcc/arm-none-eabi/8.2.1/thumb/v7e-m+dp/hard/crtend.o

.igot.plt       0x00000000200004c8        0x0 load address 0x000000000800be38
 .igot.plt      0x00000000200004c8        0x0 c:/arm_tool/gcc/bin/../lib/gcc/arm-none-eabi/8.2.1/thumb/v7e-m+dp/hard/crtbegin.o
                0x00000000200004c8                . = ALIGN (0x4)

.bss            0x00000000200004c8     0x3688 load address 0x000000000800be38
                0x00000000200004c8                _sbss = .
                0x00000000200004c8                __bss_start__ = _sbss
 *(.bss)
 *(.bss*)
 .bss.completed.8014
                0x00000000200004c8        0x1 c:/arm_tool/gcc/bin/../lib/gcc/arm-none-eabi/8.2.1/thumb/v7e-m+dp/hard/crtbegin.o
 *fill*         0x00000000200004c9        0x3 
 .bss.object.8019
                0x00000000200004cc       0x18 c:/arm_tool/gcc/bin/../lib/gcc/arm-none-eabi/8.2.1/thumb/v7e-m+dp/hard/crtbegin.o
 .bss.p         0x00000000200004e4        0x4 build/main.o
 .bss.settings_flag
                0x00000000200004e8        0x1 build/main.o
                0x00000000200004e8                settings_flag
 *fill*         0x00000000200004e9        0x3 
 .bss.mem.12742
                0x00000000200004ec      0x220 build/usbd_conf.o
 .bss.cfgidx.12666
                0x000000002000070c        0x1 build/usbd_ctlreq.o
 *fill*         0x000000002000070d        0x3 
 .bss.counter   0x0000000020000710        0x4 build/retarget.o
                0x0000000020000710                counter
 .bss.__malloc_free_list
                0x0000000020000714        0x4 c:/arm_tool/gcc/bin/../lib/gcc/arm-none-eabi/8.2.1/../../../../arm-none-eabi/lib/thumb/v7e-m+dp/hard\libc_nano.a(lib_a-nano-mallocr.o)
                0x0000000020000714                __malloc_free_list
 .bss.__malloc_sbrk_start
                0x0000000020000718        0x4 c:/arm_tool/gcc/bin/../lib/gcc/arm-none-eabi/8.2.1/../../../../arm-none-eabi/lib/thumb/v7e-m+dp/hard\libc_nano.a(lib_a-nano-mallocr.o)
                0x0000000020000718                __malloc_sbrk_start
 .bss.heap_end.5501
                0x000000002000071c        0x4 c:/arm_tool/gcc/bin/../lib/gcc/arm-none-eabi/8.2.1/../../../../arm-none-eabi/lib/thumb/v7e-m+dp/hard\libnosys.a(sbrk.o)
 *(COMMON)
 COMMON         0x0000000020000720        0xa build/main.o
                0x0000000020000720                pix_i
                0x0000000020000722                pix_g
                0x0000000020000724                uvc_wait_flag
                0x0000000020000726                pix_r
                0x0000000020000728                pix_b
 *fill*         0x000000002000072a        0x2 
 COMMON         0x000000002000072c      0x180 build/usart.o
                0x000000002000072c                hdma_usart3_rx
                0x00000000200007a4                huart3
                0x0000000020000834                hdma_usart3_tx
 COMMON         0x00000000200008ac      0x5a0 build/usb_device.o
                0x00000000200008ac                hUsbDeviceFS
                0x0000000020000b7c                hUsbDeviceHS
 COMMON         0x0000000020000e4c      0x200 build/usbd_desc.o
                0x0000000020000e4c                USBD_StrDesc
 COMMON         0x000000002000104c     0x2000 build/usbd_cdc_if.o
                0x000000002000104c                UserRxBufferHS
                0x000000002000184c                UserRxBufferFS
                0x000000002000204c                UserTxBufferFS
                0x000000002000284c                UserTxBufferHS
 COMMON         0x000000002000304c      0x810 build/usbd_conf.o
                0x000000002000304c                hpcd_USB_OTG_HS
                0x0000000020003454                hpcd_USB_OTG_FS
 COMMON         0x000000002000385c        0x4 build/stm32h7xx_hal.o
                0x000000002000385c                uwTick
 COMMON         0x0000000020003860      0x204 build/usbd_uvc.o
                0x0000000020003860                huvc
                0x0000000020003864                USBD_UVC_StrDesc
 COMMON         0x0000000020003a64       0x14 build/rng.o
                0x0000000020003a64                hrng
 COMMON         0x0000000020003a78       0xc8 build/dcmi.o
                0x0000000020003a78                hdma_dcmi
                0x0000000020003af0                hdcmi
 COMMON         0x0000000020003b40        0x9 c:/arm_tool/gcc/bin/../lib/gcc/arm-none-eabi/8.2.1/../../../../arm-none-eabi/lib/thumb/v7e-m+dp/hard\libc_nano.a(lib_a-lock.o)
                0x0000000020003b40                __lock___atexit_recursive_mutex
                0x0000000020003b41                __lock___arc4random_mutex
                0x0000000020003b42                __lock___env_recursive_mutex
                0x0000000020003b43                __lock___sinit_recursive_mutex
                0x0000000020003b44                __lock___malloc_recursive_mutex
                0x0000000020003b45                __lock___at_quick_exit_mutex